Archive member included to satisfy reference by file (symbol)

/home/zoon/Workspace/toolchains/gcc-arm-none-eabi-6-2017-q2-update/bin/../lib/gcc/arm-none-eabi/6.3.1/../../../../arm-none-eabi/lib/thumb/v7e-m/fpv4-sp/hard/libc_nano.a(lib_a-exit.o)
                              /home/zoon/Workspace/toolchains/gcc-arm-none-eabi-6-2017-q2-update/bin/../lib/gcc/arm-none-eabi/6.3.1/../../../../arm-none-eabi/lib/thumb/v7e-m/fpv4-sp/hard/crt0.o (exit)
/home/zoon/Workspace/toolchains/gcc-arm-none-eabi-6-2017-q2-update/bin/../lib/gcc/arm-none-eabi/6.3.1/../../../../arm-none-eabi/lib/thumb/v7e-m/fpv4-sp/hard/libc_nano.a(lib_a-impure.o)
                              /home/zoon/Workspace/toolchains/gcc-arm-none-eabi-6-2017-q2-update/bin/../lib/gcc/arm-none-eabi/6.3.1/../../../../arm-none-eabi/lib/thumb/v7e-m/fpv4-sp/hard/libc_nano.a(lib_a-exit.o) (_global_impure_ptr)
/home/zoon/Workspace/toolchains/gcc-arm-none-eabi-6-2017-q2-update/bin/../lib/gcc/arm-none-eabi/6.3.1/../../../../arm-none-eabi/lib/thumb/v7e-m/fpv4-sp/hard/libc_nano.a(lib_a-init.o)
                              /home/zoon/Workspace/toolchains/gcc-arm-none-eabi-6-2017-q2-update/bin/../lib/gcc/arm-none-eabi/6.3.1/../../../../arm-none-eabi/lib/thumb/v7e-m/fpv4-sp/hard/crt0.o (__libc_init_array)
/home/zoon/Workspace/toolchains/gcc-arm-none-eabi-6-2017-q2-update/bin/../lib/gcc/arm-none-eabi/6.3.1/../../../../arm-none-eabi/lib/thumb/v7e-m/fpv4-sp/hard/libc_nano.a(lib_a-locale.o)
                              _build/nrf52840_xxaa/nrf_log_str_formatter.c.o (__locale_ctype_ptr)
/home/zoon/Workspace/toolchains/gcc-arm-none-eabi-6-2017-q2-update/bin/../lib/gcc/arm-none-eabi/6.3.1/../../../../arm-none-eabi/lib/thumb/v7e-m/fpv4-sp/hard/libc_nano.a(lib_a-mbtowc_r.o)
                              /home/zoon/Workspace/toolchains/gcc-arm-none-eabi-6-2017-q2-update/bin/../lib/gcc/arm-none-eabi/6.3.1/../../../../arm-none-eabi/lib/thumb/v7e-m/fpv4-sp/hard/libc_nano.a(lib_a-locale.o) (__ascii_mbtowc)
/home/zoon/Workspace/toolchains/gcc-arm-none-eabi-6-2017-q2-update/bin/../lib/gcc/arm-none-eabi/6.3.1/../../../../arm-none-eabi/lib/thumb/v7e-m/fpv4-sp/hard/libc_nano.a(lib_a-memcmp.o)
                              _build/nrf52840_xxaa/app_usbd_msc.c.o (memcmp)
/home/zoon/Workspace/toolchains/gcc-arm-none-eabi-6-2017-q2-update/bin/../lib/gcc/arm-none-eabi/6.3.1/../../../../arm-none-eabi/lib/thumb/v7e-m/fpv4-sp/hard/libc_nano.a(lib_a-memcpy-stub.o)
                              _build/nrf52840_xxaa/nrf_log_frontend.c.o (memcpy)
/home/zoon/Workspace/toolchains/gcc-arm-none-eabi-6-2017-q2-update/bin/../lib/gcc/arm-none-eabi/6.3.1/../../../../arm-none-eabi/lib/thumb/v7e-m/fpv4-sp/hard/libc_nano.a(lib_a-memset.o)
                              /home/zoon/Workspace/toolchains/gcc-arm-none-eabi-6-2017-q2-update/bin/../lib/gcc/arm-none-eabi/6.3.1/../../../../arm-none-eabi/lib/thumb/v7e-m/fpv4-sp/hard/crt0.o (memset)
/home/zoon/Workspace/toolchains/gcc-arm-none-eabi-6-2017-q2-update/bin/../lib/gcc/arm-none-eabi/6.3.1/../../../../arm-none-eabi/lib/thumb/v7e-m/fpv4-sp/hard/libc_nano.a(lib_a-rand.o)
                              _build/nrf52840_xxaa/main.c.o (rand)
/home/zoon/Workspace/toolchains/gcc-arm-none-eabi-6-2017-q2-update/bin/../lib/gcc/arm-none-eabi/6.3.1/../../../../arm-none-eabi/lib/thumb/v7e-m/fpv4-sp/hard/libc_nano.a(lib_a-snprintf.o)
                              _build/nrf52840_xxaa/main.c.o (snprintf)
/home/zoon/Workspace/toolchains/gcc-arm-none-eabi-6-2017-q2-update/bin/../lib/gcc/arm-none-eabi/6.3.1/../../../../arm-none-eabi/lib/thumb/v7e-m/fpv4-sp/hard/libc_nano.a(lib_a-strcmp.o)
                              /home/zoon/Workspace/toolchains/gcc-arm-none-eabi-6-2017-q2-update/bin/../lib/gcc/arm-none-eabi/6.3.1/../../../../arm-none-eabi/lib/thumb/v7e-m/fpv4-sp/hard/libc_nano.a(lib_a-locale.o) (strcmp)
/home/zoon/Workspace/toolchains/gcc-arm-none-eabi-6-2017-q2-update/bin/../lib/gcc/arm-none-eabi/6.3.1/../../../../arm-none-eabi/lib/thumb/v7e-m/fpv4-sp/hard/libc_nano.a(lib_a-strcpy.o)
                              _build/nrf52840_xxaa/SEGGER_RTT.c.o (strcpy)
/home/zoon/Workspace/toolchains/gcc-arm-none-eabi-6-2017-q2-update/bin/../lib/gcc/arm-none-eabi/6.3.1/../../../../arm-none-eabi/lib/thumb/v7e-m/fpv4-sp/hard/libc_nano.a(lib_a-strlen.o)
                              _build/nrf52840_xxaa/nrf_log_frontend.c.o (strlen)
/home/zoon/Workspace/toolchains/gcc-arm-none-eabi-6-2017-q2-update/bin/../lib/gcc/arm-none-eabi/6.3.1/../../../../arm-none-eabi/lib/thumb/v7e-m/fpv4-sp/hard/libc_nano.a(lib_a-strncpy.o)
                              _build/nrf52840_xxaa/app_usbd_msc.c.o (strncpy)
/home/zoon/Workspace/toolchains/gcc-arm-none-eabi-6-2017-q2-update/bin/../lib/gcc/arm-none-eabi/6.3.1/../../../../arm-none-eabi/lib/thumb/v7e-m/fpv4-sp/hard/libc_nano.a(lib_a-wctomb_r.o)
[...]
Memory Configuration

Name             Origin             Length             Attributes
FLASH            0x0000000000000000 0x0000000000100000 xr
RAM              0x0000000020000000 0x0000000000040000 xrw
*default*        0x0000000000000000 0xffffffffffffffff

Linker script and memory map


.text           0x0000000000000000    0x160ac
 *(.isr_vector)
 .isr_vector    0x0000000000000000      0x200 _build/nrf52840_xxaa/gcc_startup_nrf52840.S.o
                0x0000000000000000                __isr_vector
 *(.text*)
 .text          0x0000000000000200       0x6c /home/zoon/Workspace/toolchains/gcc-arm-none-eabi-6-2017-q2-update/bin/../lib/gcc/arm-none-eabi/6.3.1/thumb/v7e-m/fpv4-sp/hard/crtbegin.o
 .text          0x000000000000026c       0x74 /home/zoon/Workspace/toolchains/gcc-arm-none-eabi-6-2017-q2-update/bin/../lib/gcc/arm-none-eabi/6.3.1/../../../../arm-none-eabi/lib/thumb/v7e-m/fpv4-sp/hard/crt0.o
                0x000000000000026c                _mainCRTStartup
                0x000000000000026c                _start
 .text          0x00000000000002e0       0x3c _build/nrf52840_xxaa/gcc_startup_nrf52840.S.o
                0x00000000000002e0                Reset_Handler
                0x0000000000000308                NMI_Handler
                0x000000000000030c                MemoryManagement_Handler
                0x000000000000030e                BusFault_Handler
                0x0000000000000310                UsageFault_Handler
                0x0000000000000312                SVC_Handler
                0x0000000000000314                DebugMon_Handler
                0x0000000000000316                PendSV_Handler
                0x0000000000000318                SysTick_Handler
                0x000000000000031a                TIMER2_IRQHandler
                0x000000000000031a                RTC0_IRQHandler
                0x000000000000031a                SWI0_EGU0_IRQHandler
                0x000000000000031a                SWI2_EGU2_IRQHandler
                0x000000000000031a                PWM1_IRQHandler
                0x000000000000031a                RADIO_IRQHandler
                0x000000000000031a                PDM_IRQHandler
                0x000000000000031a                TEMP_IRQHandler
                0x000000000000031a                QDEC_IRQHandler
                0x000000000000031a                TIMER3_IRQHandler
                0x000000000000031a                PWM3_IRQHandler
                0x000000000000031a                FPU_IRQHandler
                0x000000000000031a                TIMER4_IRQHandler
                0x000000000000031a                CRYPTOCELL_IRQHandler
                0x000000000000031a                I2S_IRQHandler
                0x000000000000031a                SWI4_EGU4_IRQHandler
                0x000000000000031a                TIMER0_IRQHandler
                0x000000000000031a                UARTE1_IRQHandler
                0x000000000000031a                TIMER1_IRQHandler
                0x000000000000031a                PWM2_IRQHandler
                0x000000000000031a                ECB_IRQHandler
                0x000000000000031a                SPIM1_SPIS1_TWIM1_TWIS1_SPI1_TWI1_IRQHandler
                0x000000000000031a                Default_Handler
                0x000000000000031a                SAADC_IRQHandler
                0x000000000000031a                CCM_AAR_IRQHandler
                0x000000000000031a                WDT_IRQHandler
                0x000000000000031a                SWI5_EGU5_IRQHandler
                0x000000000000031a                RNG_IRQHandler
                0x000000000000031a                RTC2_IRQHandler
                0x000000000000031a                PWM0_IRQHandler
                0x000000000000031a                SWI3_EGU3_IRQHandler
                0x000000000000031a                SWI1_EGU1_IRQHandler
                0x000000000000031a                SPIM2_SPIS2_SPI2_IRQHandler
                0x000000000000031a                NFCT_IRQHandler
                0x000000000000031a                MWU_IRQHandler
                0x000000000000031a                COMP_LPCOMP_IRQHandler
 .text.nrf_log_backend_serial_put
                0x000000000000031c       0xcc _build/nrf52840_xxaa/nrf_log_backend_serial.c.o
                0x000000000000031c                nrf_log_backend_serial_put
 .text.uart_evt_handler
                0x00000000000003e8        0xc _build/nrf52840_xxaa/nrf_log_backend_uart.c.o
 .text.nrf_log_backend_uart_flush
                0x00000000000003f4        0x4 _build/nrf52840_xxaa/nrf_log_backend_uart.c.o
 .text.nrf_log_backend_uart_put
                0x00000000000003f8       0x20 _build/nrf52840_xxaa/nrf_log_backend_uart.c.o
 .text.serial_tx
                0x0000000000000418       0x54 _build/nrf52840_xxaa/nrf_log_backend_uart.c.o
 .text.nrf_log_backend_uart_panic_set
                0x000000000000046c       0x68 _build/nrf52840_xxaa/nrf_log_backend_uart.c.o
 .text.nrf_log_backend_uart_init
                0x00000000000004d4       0x50 _build/nrf52840_xxaa/nrf_log_backend_uart.c.o
                0x00000000000004d4                nrf_log_backend_uart_init
 .text.nrf_log_default_backends_init
                0x0000000000000524       0x38 _build/nrf52840_xxaa/nrf_log_default_backends.c.o
                0x0000000000000524                nrf_log_default_backends_init
 .text.log_skip
                0x000000000000055c       0xe8 _build/nrf52840_xxaa/nrf_log_frontend.c.o
 .text.nrf_log_init
                0x0000000000000644       0x54 _build/nrf52840_xxaa/nrf_log_frontend.c.o
                0x0000000000000644                nrf_log_init
 .text.nrf_log_module_name_get
                0x0000000000000698       0x54 _build/nrf52840_xxaa/nrf_log_frontend.c.o
                0x0000000000000698                nrf_log_module_name_get
 .text.nrf_log_color_id_get
                0x00000000000006ec       0x2c _build/nrf52840_xxaa/nrf_log_frontend.c.o
                0x00000000000006ec                nrf_log_color_id_get
 .text.nrf_log_frontend_dequeue
                0x0000000000000718      0x378 _build/nrf52840_xxaa/nrf_log_frontend.c.o
                0x0000000000000718                nrf_log_frontend_dequeue
 .text.nrf_log_frontend_std_0
                0x0000000000000a90      0x118 _build/nrf52840_xxaa/nrf_log_frontend.c.o
                0x0000000000000a90                nrf_log_frontend_std_0
 .text.nrf_log_frontend_std_1
                0x0000000000000ba8      0x128 _build/nrf52840_xxaa/nrf_log_frontend.c.o
                0x0000000000000ba8                nrf_log_frontend_std_1
 .text.nrf_log_frontend_std_2
                0x0000000000000cd0      0x12c _build/nrf52840_xxaa/nrf_log_frontend.c.o
                0x0000000000000cd0                nrf_log_frontend_std_2
 .text.nrf_log_frontend_std_3
                0x0000000000000dfc      0x138 _build/nrf52840_xxaa/nrf_log_frontend.c.o
                0x0000000000000dfc                nrf_log_frontend_std_3
 .text.nrf_log_frontend_std_4
                0x0000000000000f34      0x154 _build/nrf52840_xxaa/nrf_log_frontend.c.o
                0x0000000000000f34                nrf_log_frontend_std_4
 .text.nrf_log_frontend_std_5
                0x0000000000001088      0x168 _build/nrf52840_xxaa/nrf_log_frontend.c.o
                0x0000000000001088                nrf_log_frontend_std_5
 .text.nrf_log_backend_add
                0x00000000000011f0       0x64 _build/nrf52840_xxaa/nrf_log_frontend.c.o
                0x00000000000011f0                nrf_log_backend_add
 .text.nrf_log_panic
                0x0000000000001254       0x2c _build/nrf52840_xxaa/nrf_log_frontend.c.o
                0x0000000000001254                nrf_log_panic
 .text.prefix_process
                0x0000000000001280       0xfc _build/nrf52840_xxaa/nrf_log_str_formatter.c.o
 .text.nrf_log_std_entry_process
                0x000000000000137c       0xec _build/nrf52840_xxaa/nrf_log_str_formatter.c.o
                0x000000000000137c                nrf_log_std_entry_process
 .text.nrf_log_hexdump_entry_process
                0x0000000000001468       0xf8 _build/nrf52840_xxaa/nrf_log_str_formatter.c.o
                0x0000000000001468                nrf_log_hexdump_entry_process
 .text.nrf_log_str_formatter_timestamp_freq_set
                0x0000000000001560       0x2c _build/nrf52840_xxaa/nrf_log_str_formatter.c.o
                0x0000000000001560                nrf_log_str_formatter_timestamp_freq_set
 .text.bsp_board_led_state_get
                0x000000000000158c       0x54 _build/nrf52840_xxaa/boards.c.o
                0x000000000000158c                bsp_board_led_state_get
 .text.bsp_board_led_on
                0x00000000000015e0       0x58 _build/nrf52840_xxaa/boards.c.o
                0x00000000000015e0                bsp_board_led_on
 .text.bsp_board_led_off
                0x0000000000001638       0x58 _build/nrf52840_xxaa/boards.c.o
                0x0000000000001638                bsp_board_led_off
 .text.bsp_board_leds_off
                0x0000000000001690       0x2c _build/nrf52840_xxaa/boards.c.o
                0x0000000000001690                bsp_board_leds_off
 .text.bsp_board_leds_on
                0x00000000000016bc       0x2c _build/nrf52840_xxaa/boards.c.o
                0x00000000000016bc                bsp_board_leds_on
 .text.bsp_board_led_invert
                0x00000000000016e8       0x5c _build/nrf52840_xxaa/boards.c.o
                0x00000000000016e8                bsp_board_led_invert
 .text.bsp_board_pin_to_button_idx
                0x0000000000001744       0x24 _build/nrf52840_xxaa/boards.c.o
                0x0000000000001744                bsp_board_pin_to_button_idx
 .text.bsp_board_init
                0x0000000000001768       0x5c _build/nrf52840_xxaa/boards.c.o
                0x0000000000001768                bsp_board_init
 .text.gpiote_event_handler
                0x00000000000017c4       0x8c _build/nrf52840_xxaa/app_button.c.o
 .text.detection_delay_timeout_handler
                0x0000000000001850      0x294 _build/nrf52840_xxaa/app_button.c.o
 .text.app_button_init
                0x0000000000001ae4       0xb4 _build/nrf52840_xxaa/app_button.c.o
                0x0000000000001ae4                app_button_init
 .text.app_button_enable
                0x0000000000001b98       0x40 _build/nrf52840_xxaa/app_button.c.o
                0x0000000000001b98                app_button_enable
 .text.app_error_save_and_stop
                0x0000000000001bd8       0x64 _build/nrf52840_xxaa/app_error.c.o
                0x0000000000001bd8                app_error_save_and_stop
 .text.app_error_handler
                0x0000000000001c3c       0x1c _build/nrf52840_xxaa/app_error_handler_gcc.c.o
                0x0000000000001c3c                app_error_handler
 .text.app_error_fault_handler
                0x0000000000001c58       0xc8 _build/nrf52840_xxaa/app_error_weak.c.o
                0x0000000000001c58                app_error_fault_handler
 .text.sdc_spi_transfer
                0x0000000000001d20       0x74 _build/nrf52840_xxaa/app_sdcard.c.o
 .text.sdc_cmd.part.0
                0x0000000000001d94      0x134 _build/nrf52840_xxaa/app_sdcard.c.o
 .text.sdc_pt_sub_data_read
                0x0000000000001ec8      0x314 _build/nrf52840_xxaa/app_sdcard.c.o
 .text.spi_handler
                0x00000000000021dc      0xe34 _build/nrf52840_xxaa/app_sdcard.c.o
 .text.app_sdc_block_read
                0x0000000000003010       0x8c _build/nrf52840_xxaa/app_sdcard.c.o
                0x0000000000003010                app_sdc_block_read
 .text.app_sdc_block_write
                0x000000000000309c      0x154 _build/nrf52840_xxaa/app_sdcard.c.o
                0x000000000000309c                app_sdc_block_write
 .text.app_sdc_init
                0x00000000000031f0      0x184 _build/nrf52840_xxaa/app_sdcard.c.o
                0x00000000000031f0                app_sdc_init
 .text.app_sdc_uninit
                0x0000000000003374       0x68 _build/nrf52840_xxaa/app_sdcard.c.o
                0x0000000000003374                app_sdc_uninit
 .text.app_sdc_busy_check
                0x00000000000033dc       0x20 _build/nrf52840_xxaa/app_sdcard.c.o
                0x00000000000033dc                app_sdc_busy_check
 .text.app_sdc_info_get
                0x00000000000033fc       0x18 _build/nrf52840_xxaa/app_sdcard.c.o
                0x00000000000033fc                app_sdc_info_get
 .text.compare_func
                0x0000000000003414       0x18 _build/nrf52840_xxaa/app_timer2.c.o
 .text.rtc_irq  0x000000000000342c      0x374 _build/nrf52840_xxaa/app_timer2.c.o
 .text.app_timer_init
                0x00000000000037a0       0x6c _build/nrf52840_xxaa/app_timer2.c.o
                0x00000000000037a0                app_timer_init
 .text.app_timer_create
                0x000000000000380c       0x44 _build/nrf52840_xxaa/app_timer2.c.o
                0x000000000000380c                app_timer_create
 .text.app_timer_start
                0x0000000000003850       0xb8 _build/nrf52840_xxaa/app_timer2.c.o
                0x0000000000003850                app_timer_start
 .text.app_timer_stop
                0x0000000000003908       0x54 _build/nrf52840_xxaa/app_timer2.c.o
                0x0000000000003908                app_timer_stop
 .text.app_usbd_hfclk_ready
                0x000000000000395c       0x74 _build/nrf52840_xxaa/app_usbd.c.o
 .text.app_usbd_event_handler
                0x00000000000039d0      0x108 _build/nrf52840_xxaa/app_usbd.c.o
 .text.app_usbd_power_event_handler
                0x0000000000003ad8       0xac _build/nrf52840_xxaa/app_usbd.c.o
 .text.app_usbd_class_descriptor_find
                0x0000000000003b84       0xbc _build/nrf52840_xxaa/app_usbd.c.o
                0x0000000000003b84                app_usbd_class_descriptor_find
 .text.app_usbd_sof_timestamp_get
                0x0000000000003c40        0xc _build/nrf52840_xxaa/app_usbd.c.o
                0x0000000000003c40                app_usbd_sof_timestamp_get
 .text.app_usbd_init
                0x0000000000003c4c      0x194 _build/nrf52840_xxaa/app_usbd.c.o
                0x0000000000003c4c                app_usbd_init
 .text.app_usbd_power_events_enable
                0x0000000000003de0       0x38 _build/nrf52840_xxaa/app_usbd.c.o
                0x0000000000003de0                app_usbd_power_events_enable
 .text.app_usbd_enable
                0x0000000000003e18        0x4 _build/nrf52840_xxaa/app_usbd.c.o
                0x0000000000003e18                app_usbd_enable
 .text.app_usbd_disable
                0x0000000000003e1c       0x20 _build/nrf52840_xxaa/app_usbd.c.o
                0x0000000000003e1c                app_usbd_disable
 .text.app_usbd_start
                0x0000000000003e3c       0x94 _build/nrf52840_xxaa/app_usbd.c.o
                0x0000000000003e3c                app_usbd_start
 .text.app_usbd_stop
                0x0000000000003ed0       0x64 _build/nrf52840_xxaa/app_usbd.c.o
                0x0000000000003ed0                app_usbd_stop
 .text.app_usbd_class_append
                0x0000000000003f34      0x21c _build/nrf52840_xxaa/app_usbd.c.o
                0x0000000000003f34                app_usbd_class_append
 .text.app_usbd_class_rwu_enabled_check
                0x0000000000004150       0x10 _build/nrf52840_xxaa/app_usbd.c.o
                0x0000000000004150                app_usbd_class_rwu_enabled_check
 .text.app_usbd_ep_enable
                0x0000000000004160       0x20 _build/nrf52840_xxaa/app_usbd.c.o
                0x0000000000004160                app_usbd_ep_enable
 .text.app_usbd_ep_disable
                0x0000000000004180        0x4 _build/nrf52840_xxaa/app_usbd.c.o
                0x0000000000004180                app_usbd_ep_disable
 .text.app_usbd_class_first_get
                0x0000000000004184        0xc _build/nrf52840_xxaa/app_usbd.c.o
                0x0000000000004184                app_usbd_class_first_get
 .text.app_usbd_iface_find
                0x0000000000004190       0x4c _build/nrf52840_xxaa/app_usbd.c.o
                0x0000000000004190                app_usbd_iface_find
 .text.app_usbd_iface_call
                0x00000000000041dc       0x50 _build/nrf52840_xxaa/app_usbd.c.o
                0x00000000000041dc                app_usbd_iface_call
 .text.app_usbd_ep_call
                0x000000000000422c       0x60 _build/nrf52840_xxaa/app_usbd.c.o
                0x000000000000422c                app_usbd_ep_call
 .text.app_usbd_all_until_served_call
                0x000000000000428c       0x5c _build/nrf52840_xxaa/app_usbd.c.o
                0x000000000000428c                app_usbd_all_until_served_call
 .text.app_usbd_ep_transfer
                0x00000000000042e8       0x28 _build/nrf52840_xxaa/app_usbd.c.o
                0x00000000000042e8                app_usbd_ep_transfer
 .text.app_usbd_ep_handled_transfer
                0x0000000000004310       0x28 _build/nrf52840_xxaa/app_usbd.c.o
                0x0000000000004310                app_usbd_ep_handled_transfer
 .text.app_usbd_iface_select
                0x0000000000004338       0x88 _build/nrf52840_xxaa/app_usbd.c.o
                0x0000000000004338                app_usbd_iface_select
 .text.app_usbd_iface_selection_get
                0x00000000000043c0        0xc _build/nrf52840_xxaa/app_usbd.c.o
                0x00000000000043c0                app_usbd_iface_selection_get
 .text.app_usbd_all_iface_select_0
                0x00000000000043cc       0xdc _build/nrf52840_xxaa/app_usbd.c.o
                0x00000000000043cc                app_usbd_all_iface_select_0
 .text.app_usbd_all_iface_deselect
                0x00000000000044a8       0xa0 _build/nrf52840_xxaa/app_usbd.c.o
                0x00000000000044a8                app_usbd_all_iface_deselect
 .text.app_usbd_event_execute
                0x0000000000004548      0x8c4 _build/nrf52840_xxaa/app_usbd.c.o
                0x0000000000004548                app_usbd_event_execute
 .text.app_usbd_event_queue_process
                0x0000000000004e0c       0xb4 _build/nrf52840_xxaa/app_usbd.c.o
                0x0000000000004e0c                app_usbd_event_queue_process
 .text.setup_data_handler_empty
                0x0000000000004ec0        0x4 _build/nrf52840_xxaa/app_usbd_core.c.o
 .text.usbd_descriptor_conf_feeder
                0x0000000000004ec4      0x17c _build/nrf52840_xxaa/app_usbd_core.c.o
 .text.app_usbd_core_ep0_enable
                0x0000000000005040       0x14 _build/nrf52840_xxaa/app_usbd_core.c.o
                0x0000000000005040                app_usbd_core_ep0_enable
 .text.app_usbd_core_ep0_disable
                0x0000000000005054       0x14 _build/nrf52840_xxaa/app_usbd_core.c.o
                0x0000000000005054                app_usbd_core_ep0_disable
 .text.app_usbd_core_setup_rsp
                0x0000000000005068       0x74 _build/nrf52840_xxaa/app_usbd_core.c.o
                0x0000000000005068                app_usbd_core_setup_rsp
 .text.app_usbd_core_event_handler
                0x00000000000050dc      0x68c _build/nrf52840_xxaa/app_usbd_core.c.o
 .text.app_usbd_core_setup_transfer_buff_get
                0x0000000000005768       0x10 _build/nrf52840_xxaa/app_usbd_core.c.o
                0x0000000000005768                app_usbd_core_setup_transfer_buff_get
 .text.unlikely.ep_out_addr_get
                0x0000000000005778       0x40 _build/nrf52840_xxaa/app_usbd_msc.c.o
 .text.msc_feed_descriptors
                0x00000000000057b8      0x508 _build/nrf52840_xxaa/app_usbd_msc.c.o
 .text.status_generic_error_stall
                0x0000000000005cc0       0x80 _build/nrf52840_xxaa/app_usbd_msc.c.o
 .text.cbw_wait_start
                0x0000000000005d40       0x88 _build/nrf52840_xxaa/app_usbd_msc.c.o
 .text.csw_wait_start
                0x0000000000005dc8       0x9c _build/nrf52840_xxaa/app_usbd_msc.c.o
 .text.write_transfer_processor
                0x0000000000005e64      0x140 _build/nrf52840_xxaa/app_usbd_msc.c.o
 .text.read_blockmem_processor
                0x0000000000005fa4      0x138 _build/nrf52840_xxaa/app_usbd_msc.c.o
 .text.write_blockmem_processor
                0x00000000000060dc      0x14c _build/nrf52840_xxaa/app_usbd_msc.c.o
 .text.read_transfer_processor
                0x0000000000006228      0x148 _build/nrf52840_xxaa/app_usbd_msc.c.o
 .text.status_unsupported_start
                0x0000000000006370       0xb0 _build/nrf52840_xxaa/app_usbd_msc.c.o
 .text.msc_blockdev_ev_handler
                0x0000000000006420      0x244 _build/nrf52840_xxaa/app_usbd_msc.c.o
 .text.cmd_read_start
                0x0000000000006664       0xe0 _build/nrf52840_xxaa/app_usbd_msc.c.o
 .text.cmd_write_start
                0x0000000000006744      0x1d8 _build/nrf52840_xxaa/app_usbd_msc.c.o
 .text.msc_event_handler
                0x000000000000691c      0xc54 _build/nrf52840_xxaa/app_usbd_msc.c.o
 .text.app_usbd_string_desc_get
                0x0000000000007570       0x80 _build/nrf52840_xxaa/app_usbd_string_desc.c.o
                0x0000000000007570                app_usbd_string_desc_get
 .text.app_util_critical_region_enter
                0x00000000000075f0       0x34 _build/nrf52840_xxaa/app_util_platform.c.o
                0x00000000000075f0                app_util_critical_region_enter
 .text.app_util_critical_region_exit
                0x0000000000007624       0x34 _build/nrf52840_xxaa/app_util_platform.c.o
                0x0000000000007624                app_util_critical_region_exit
 .text.current_int_priority_get
                0x0000000000007658       0x3c _build/nrf52840_xxaa/app_util_platform.c.o
                0x0000000000007658                current_int_priority_get
 .text.drv_rtc_init
                0x0000000000007694      0x130 _build/nrf52840_xxaa/drv_rtc.c.o
                0x0000000000007694                drv_rtc_init
 .text.drv_rtc_start
                0x00000000000077c4       0x24 _build/nrf52840_xxaa/drv_rtc.c.o
                0x00000000000077c4                drv_rtc_start
 .text.drv_rtc_stop
                0x00000000000077e8       0x24 _build/nrf52840_xxaa/drv_rtc.c.o
                0x00000000000077e8                drv_rtc_stop
 .text.drv_rtc_compare_set
                0x000000000000780c       0x68 _build/nrf52840_xxaa/drv_rtc.c.o
                0x000000000000780c                drv_rtc_compare_set
 .text.drv_rtc_windowed_compare_set
                0x0000000000007874      0x134 _build/nrf52840_xxaa/drv_rtc.c.o
                0x0000000000007874                drv_rtc_windowed_compare_set
 .text.drv_rtc_overflow_enable
                0x00000000000079a8       0x28 _build/nrf52840_xxaa/drv_rtc.c.o
                0x00000000000079a8                drv_rtc_overflow_enable
 .text.drv_rtc_overflow_pending
                0x00000000000079d0       0x34 _build/nrf52840_xxaa/drv_rtc.c.o
                0x00000000000079d0                drv_rtc_overflow_pending
 .text.drv_rtc_compare_disable
                0x0000000000007a04       0x28 _build/nrf52840_xxaa/drv_rtc.c.o
                0x0000000000007a04                drv_rtc_compare_disable
 .text.drv_rtc_compare_pending
                0x0000000000007a2c       0x34 _build/nrf52840_xxaa/drv_rtc.c.o
                0x0000000000007a2c                drv_rtc_compare_pending
 .text.drv_rtc_counter_get
                0x0000000000007a60        0x8 _build/nrf52840_xxaa/drv_rtc.c.o
                0x0000000000007a60                drv_rtc_counter_get
 .text.drv_rtc_irq_trigger
                0x0000000000007a68       0x20 _build/nrf52840_xxaa/drv_rtc.c.o
                0x0000000000007a68                drv_rtc_irq_trigger
 .text.RTC1_IRQHandler
                0x0000000000007a88       0x14 _build/nrf52840_xxaa/drv_rtc.c.o
                0x0000000000007a88                RTC1_IRQHandler
 .text.HardFault_Handler
                0x0000000000007a9c       0x34 _build/nrf52840_xxaa/hardfault_handler_gcc.c.o
                0x0000000000007a9c                HardFault_Handler
 .text.HardFault_process
                0x0000000000007ad0       0x24 _build/nrf52840_xxaa/hardfault_implementation.c.o
                0x0000000000007ad0                HardFault_process
 .text.HardFault_c_handler
                0x0000000000007af4      0x124 _build/nrf52840_xxaa/hardfault_implementation.c.o
                0x0000000000007af4                HardFault_c_handler
 .text.assert_nrf_callback
                0x0000000000007c18       0x1c _build/nrf52840_xxaa/nrf_assert.c.o
                0x0000000000007c18                assert_nrf_callback
 .text.nrf_atfifo_init
                0x0000000000007c34       0x30 _build/nrf52840_xxaa/nrf_atfifo.c.o
                0x0000000000007c34                nrf_atfifo_init
 .text.nrf_atfifo_item_alloc
                0x0000000000007c64       0x5c _build/nrf52840_xxaa/nrf_atfifo.c.o
                0x0000000000007c64                nrf_atfifo_item_alloc
 .text.nrf_atfifo_item_put
                0x0000000000007cc0       0x20 _build/nrf52840_xxaa/nrf_atfifo.c.o
                0x0000000000007cc0                nrf_atfifo_item_put
 .text.nrf_atfifo_item_get
                0x0000000000007ce0       0x60 _build/nrf52840_xxaa/nrf_atfifo.c.o
                0x0000000000007ce0                nrf_atfifo_item_get
 .text.nrf_atfifo_item_free
                0x0000000000007d40       0x20 _build/nrf52840_xxaa/nrf_atfifo.c.o
                0x0000000000007d40                nrf_atfifo_item_free
 .text.nrf_atomic_u32_fetch_store
                0x0000000000007d60       0x18 _build/nrf52840_xxaa/nrf_atomic.c.o
                0x0000000000007d60                nrf_atomic_u32_fetch_store
 .text.nrf_atomic_u32_or
                0x0000000000007d78       0x1c _build/nrf52840_xxaa/nrf_atomic.c.o
                0x0000000000007d78                nrf_atomic_u32_or
 .text.nrf_atomic_u32_add
                0x0000000000007d94       0x1c _build/nrf52840_xxaa/nrf_atomic.c.o
                0x0000000000007d94                nrf_atomic_u32_add
 .text.nrf_atomic_u32_sub
                0x0000000000007db0       0x1c _build/nrf52840_xxaa/nrf_atomic.c.o
                0x0000000000007db0                nrf_atomic_u32_sub
 .text.nrf_atomic_u32_sub_hs
                0x0000000000007dcc       0x20 _build/nrf52840_xxaa/nrf_atomic.c.o
                0x0000000000007dcc                nrf_atomic_u32_sub_hs
 .text.nrf_atomic_flag_set
                0x0000000000007dec       0x1c _build/nrf52840_xxaa/nrf_atomic.c.o
                0x0000000000007dec                nrf_atomic_flag_set
 .text.nrf_atomic_flag_clear_fetch
                0x0000000000007e08       0x1c _build/nrf52840_xxaa/nrf_atomic.c.o
                0x0000000000007e08                nrf_atomic_flag_clear_fetch
 .text.nrf_balloc_init
                0x0000000000007e24       0x88 _build/nrf52840_xxaa/nrf_balloc.c.o
                0x0000000000007e24                nrf_balloc_init
 .text.nrf_balloc_alloc
                0x0000000000007eac       0x60 _build/nrf52840_xxaa/nrf_balloc.c.o
                0x0000000000007eac                nrf_balloc_alloc
 .text.nrf_balloc_free
                0x0000000000007f0c       0x4c _build/nrf52840_xxaa/nrf_balloc.c.o
                0x0000000000007f0c                nrf_balloc_free
 .text.block_dev_sdc_ioctl
                0x0000000000007f58       0x24 _build/nrf52840_xxaa/nrf_block_dev_sdc.c.o
 .text.block_dev_sdc_geometry
                0x0000000000007f7c       0x1c _build/nrf52840_xxaa/nrf_block_dev_sdc.c.o
 .text.block_dev_sdc_write_req
                0x0000000000007f98       0xa0 _build/nrf52840_xxaa/nrf_block_dev_sdc.c.o
 .text.block_dev_sdc_read_req
                0x0000000000008038       0x9c _build/nrf52840_xxaa/nrf_block_dev_sdc.c.o
 .text.block_dev_sdc_uninit
                0x00000000000080d4       0x68 _build/nrf52840_xxaa/nrf_block_dev_sdc.c.o
 .text.block_dev_sdc_init
                0x000000000000813c       0xa4 _build/nrf52840_xxaa/nrf_block_dev_sdc.c.o
 .text.sdc_handler
                0x00000000000081e0       0xa0 _build/nrf52840_xxaa/nrf_block_dev_sdc.c.o
 .text.nrf_fprintf_buffer_flush
                0x0000000000008280       0x28 _build/nrf52840_xxaa/nrf_fprintf.c.o
                0x0000000000008280                nrf_fprintf_buffer_flush
 .text.nrf_fprintf
                0x00000000000082a8       0x60 _build/nrf52840_xxaa/nrf_fprintf.c.o
                0x00000000000082a8                nrf_fprintf
 .text.unsigned_print
                0x0000000000008308      0x13c _build/nrf52840_xxaa/nrf_fprintf_format.c.o
 .text.nrf_fprintf_fmt
                0x0000000000008444      0x5d0 _build/nrf52840_xxaa/nrf_fprintf_format.c.o
                0x0000000000008444                nrf_fprintf_fmt
 .text.nrf_memobj_pool_init
                0x0000000000008a14        0x4 _build/nrf52840_xxaa/nrf_memobj.c.o
                0x0000000000008a14                nrf_memobj_pool_init
 .text.nrf_memobj_alloc
                0x0000000000008a18       0x90 _build/nrf52840_xxaa/nrf_memobj.c.o
                0x0000000000008a18                nrf_memobj_alloc
 .text.nrf_memobj_get
                0x0000000000008aa8        0x8 _build/nrf52840_xxaa/nrf_memobj.c.o
                0x0000000000008aa8                nrf_memobj_get
 .text.nrf_memobj_put
                0x0000000000008ab0       0x44 _build/nrf52840_xxaa/nrf_memobj.c.o
                0x0000000000008ab0                nrf_memobj_put
 .text.nrf_memobj_write
                0x0000000000008af4       0xac _build/nrf52840_xxaa/nrf_memobj.c.o
                0x0000000000008af4                nrf_memobj_write
 .text.nrf_memobj_read
                0x0000000000008ba0       0xac _build/nrf52840_xxaa/nrf_memobj.c.o
                0x0000000000008ba0                nrf_memobj_read
 .text.nrf_ringbuf_init
                0x0000000000008c4c       0x1c _build/nrf52840_xxaa/nrf_ringbuf.c.o
                0x0000000000008c4c                nrf_ringbuf_init
 .text.nrf_sortlist_add
                0x0000000000008c68       0x44 _build/nrf52840_xxaa/nrf_sortlist.c.o
                0x0000000000008c68                nrf_sortlist_add
 .text.nrf_sortlist_pop
                0x0000000000008cac       0x20 _build/nrf52840_xxaa/nrf_sortlist.c.o
                0x0000000000008cac                nrf_sortlist_pop
 .text.nrf_sortlist_peek
                0x0000000000008ccc       0x20 _build/nrf52840_xxaa/nrf_sortlist.c.o
                0x0000000000008ccc                nrf_sortlist_peek
 .text.nrf_sortlist_remove
                0x0000000000008cec       0x54 _build/nrf52840_xxaa/nrf_sortlist.c.o
                0x0000000000008cec                nrf_sortlist_remove
 .text.nrf_strerror_get
                0x0000000000008d40       0x6c _build/nrf52840_xxaa/nrf_strerror.c.o
                0x0000000000008d40                nrf_strerror_get
 .text.clock_irq_handler
                0x0000000000008dac       0x40 _build/nrf52840_xxaa/nrf_drv_clock.c.o
 .text.nrf_drv_clock_init_check
                0x0000000000008dec        0xc _build/nrf52840_xxaa/nrf_drv_clock.c.o
                0x0000000000008dec                nrf_drv_clock_init_check
 .text.nrf_drv_clock_init
                0x0000000000008df8       0x38 _build/nrf52840_xxaa/nrf_drv_clock.c.o
                0x0000000000008df8                nrf_drv_clock_init
 .text.nrf_drv_clock_lfclk_request
                0x0000000000008e30       0x80 _build/nrf52840_xxaa/nrf_drv_clock.c.o
                0x0000000000008e30                nrf_drv_clock_lfclk_request
 .text.nrf_drv_clock_hfclk_request
                0x0000000000008eb0       0x84 _build/nrf52840_xxaa/nrf_drv_clock.c.o
                0x0000000000008eb0                nrf_drv_clock_hfclk_request
 .text.nrf_drv_clock_hfclk_release
                0x0000000000008f34       0x4c _build/nrf52840_xxaa/nrf_drv_clock.c.o
                0x0000000000008f34                nrf_drv_clock_hfclk_release
 .text.nrf_drv_power_init
                0x0000000000008f80       0x2c _build/nrf52840_xxaa/nrf_drv_power.c.o
                0x0000000000008f80                nrf_drv_power_init
 .text.nrf_drv_power_usbevt_init
                0x0000000000008fac       0x1c _build/nrf52840_xxaa/nrf_drv_power.c.o
                0x0000000000008fac                nrf_drv_power_usbevt_init
 .text.spim_evt_handler
                0x0000000000008fc8       0x3c _build/nrf52840_xxaa/nrf_drv_spi.c.o
 .text.nrf_drv_spi_init
                0x0000000000009004       0x90 _build/nrf52840_xxaa/nrf_drv_spi.c.o
                0x0000000000009004                nrf_drv_spi_init
 .text.uarte_evt_handler
                0x0000000000009094       0x34 _build/nrf52840_xxaa/nrf_drv_uart.c.o
 .text.uart_evt_handler
                0x00000000000090c8       0x34 _build/nrf52840_xxaa/nrf_drv_uart.c.o
 .text.nrf_drv_uart_init
                0x00000000000090fc       0xa0 _build/nrf52840_xxaa/nrf_drv_uart.c.o
                0x00000000000090fc                nrf_drv_uart_init
 .text.nrfx_atomic_u32_fetch_and
                0x000000000000919c       0x1c _build/nrf52840_xxaa/nrfx_atomic.c.o
                0x000000000000919c                nrfx_atomic_u32_fetch_and
 .text.nrfx_clock_init
                0x00000000000091b8       0x2c _build/nrf52840_xxaa/nrfx_clock.c.o
                0x00000000000091b8                nrfx_clock_init
 .text.nrfx_clock_enable
                0x00000000000091e4       0x44 _build/nrf52840_xxaa/nrfx_clock.c.o
                0x00000000000091e4                nrfx_clock_enable
 .text.nrfx_clock_lfclk_start
                0x0000000000009228       0x44 _build/nrf52840_xxaa/nrfx_clock.c.o
                0x0000000000009228                nrfx_clock_lfclk_start
 .text.nrfx_clock_hfclk_start
                0x000000000000926c       0x3c _build/nrf52840_xxaa/nrfx_clock.c.o
                0x000000000000926c                nrfx_clock_hfclk_start
 .text.nrfx_clock_hfclk_stop
                0x00000000000092a8       0x40 _build/nrf52840_xxaa/nrfx_clock.c.o
                0x00000000000092a8                nrfx_clock_hfclk_stop
 .text.nrfx_clock_irq_handler
                0x00000000000092e8       0x60 _build/nrf52840_xxaa/nrfx_clock.c.o
                0x00000000000092e8                nrfx_clock_irq_handler
 .text.nrfx_gpiote_init
                0x0000000000009348       0xa0 _build/nrf52840_xxaa/nrfx_gpiote.c.o
                0x0000000000009348                nrfx_gpiote_init
 .text.nrfx_gpiote_is_init
                0x00000000000093e8       0x14 _build/nrf52840_xxaa/nrfx_gpiote.c.o
                0x00000000000093e8                nrfx_gpiote_is_init
 .text.nrfx_gpiote_in_init
                0x00000000000093fc      0x21c _build/nrf52840_xxaa/nrfx_gpiote.c.o
                0x00000000000093fc                nrfx_gpiote_in_init
 .text.nrfx_gpiote_in_event_enable
                0x0000000000009618      0x138 _build/nrf52840_xxaa/nrfx_gpiote.c.o
                0x0000000000009618                nrfx_gpiote_in_event_enable
 .text.nrfx_gpiote_in_is_set
                0x0000000000009750       0x50 _build/nrf52840_xxaa/nrfx_gpiote.c.o
                0x0000000000009750                nrfx_gpiote_in_is_set
 .text.GPIOTE_IRQHandler
                0x00000000000097a0      0x6c8 _build/nrf52840_xxaa/nrfx_gpiote.c.o
                0x00000000000097a0                GPIOTE_IRQHandler
 .text.nrfx_power_init
                0x0000000000009e68       0x5c _build/nrf52840_xxaa/nrfx_power.c.o
                0x0000000000009e68                nrfx_power_init
 .text.nrfx_power_usbevt_init
                0x0000000000009ec4       0x28 _build/nrf52840_xxaa/nrfx_power.c.o
                0x0000000000009ec4                nrfx_power_usbevt_init
 .text.nrfx_power_usbevt_enable
                0x0000000000009eec       0x10 _build/nrf52840_xxaa/nrfx_power.c.o
                0x0000000000009eec                nrfx_power_usbevt_enable
 .text.nrfx_power_usbevt_disable
                0x0000000000009efc       0x10 _build/nrf52840_xxaa/nrfx_power.c.o
                0x0000000000009efc                nrfx_power_usbevt_disable
 .text.nrfx_power_usbevt_uninit
                0x0000000000009f0c        0xc _build/nrf52840_xxaa/nrfx_power.c.o
                0x0000000000009f0c                nrfx_power_usbevt_uninit
 .text.POWER_CLOCK_IRQHandler
                0x0000000000009f18      0x14c _build/nrf52840_xxaa/nrfx_power.c.o
                0x0000000000009f18                POWER_CLOCK_IRQHandler
 .text.UARTE0_UART0_IRQHandler
                0x000000000000a064       0x28 _build/nrf52840_xxaa/nrfx_prs.c.o
                0x000000000000a064                UARTE0_UART0_IRQHandler
 .text.nrfx_prs_acquire
                0x000000000000a08c       0x50 _build/nrf52840_xxaa/nrfx_prs.c.o
                0x000000000000a08c                nrfx_prs_acquire
 .text.nrfx_prs_release
                0x000000000000a0dc       0x28 _build/nrf52840_xxaa/nrfx_prs.c.o
                0x000000000000a0dc                nrfx_prs_release
 .text.QSPI_IRQHandler
                0x000000000000a104       0x20 _build/nrf52840_xxaa/nrfx_qspi.c.o
                0x000000000000a104                QSPI_IRQHandler
 .text.nrf_gpio_pin_clear
                0x000000000000a124       0x40 _build/nrf52840_xxaa/nrfx_spim.c.o
 .text.nrf_gpio_pin_set
                0x000000000000a164       0x40 _build/nrf52840_xxaa/nrfx_spim.c.o
 .text.SPIM3_IRQHandler
                0x000000000000a1a4       0xc4 _build/nrf52840_xxaa/nrfx_spim.c.o
                0x000000000000a1a4                SPIM3_IRQHandler
 .text.SPIM0_SPIS0_TWIM0_TWIS0_SPI0_TWI0_IRQHandler
                0x000000000000a268       0xbc _build/nrf52840_xxaa/nrfx_spim.c.o
                0x000000000000a268                SPIM0_SPIS0_TWIM0_TWIS0_SPI0_TWI0_IRQHandler
 .text.nrfx_spim_init
                0x000000000000a324      0x458 _build/nrf52840_xxaa/nrfx_spim.c.o
                0x000000000000a324                nrfx_spim_init
 .text.nrfx_spim_uninit
                0x000000000000a77c       0xf8 _build/nrf52840_xxaa/nrfx_spim.c.o
                0x000000000000a77c                nrfx_spim_uninit
 .text.nrfx_spim_xfer_dcx
                0x000000000000a874      0x1fc _build/nrf52840_xxaa/nrfx_spim.c.o
                0x000000000000a874                nrfx_spim_xfer_dcx
 .text.nrfx_spim_xfer
                0x000000000000aa70      0x210 _build/nrf52840_xxaa/nrfx_spim.c.o
                0x000000000000aa70                nrfx_spim_xfer
 .text.nrfx_systick_delay_us
                0x000000000000ac80       0x64 _build/nrf52840_xxaa/nrfx_systick.c.o
                0x000000000000ac80                nrfx_systick_delay_us
 .text.nrfx_uart_0_irq_handler
                0x000000000000ace4      0x1c8 _build/nrf52840_xxaa/nrfx_uart.c.o
                0x000000000000ace4                nrfx_uart_0_irq_handler
 .text.nrfx_uart_init
                0x000000000000aeac      0x2a4 _build/nrf52840_xxaa/nrfx_uart.c.o
                0x000000000000aeac                nrfx_uart_init
 .text.nrfx_uart_uninit
                0x000000000000b150      0x154 _build/nrf52840_xxaa/nrfx_uart.c.o
                0x000000000000b150                nrfx_uart_uninit
 .text.nrfx_uart_tx
                0x000000000000b2a4      0x114 _build/nrf52840_xxaa/nrfx_uart.c.o
                0x000000000000b2a4                nrfx_uart_tx
 .text.nrfx_uarte_0_irq_handler
                0x000000000000b3b8      0x16c _build/nrf52840_xxaa/nrfx_uarte.c.o
                0x000000000000b3b8                nrfx_uarte_0_irq_handler
 .text.nrfx_uarte_init
                0x000000000000b524      0x2d4 _build/nrf52840_xxaa/nrfx_uarte.c.o
                0x000000000000b524                nrfx_uarte_init
 .text.nrfx_uarte_uninit
                0x000000000000b7f8      0x190 _build/nrf52840_xxaa/nrfx_uarte.c.o
                0x000000000000b7f8                nrfx_uarte_uninit
 .text.nrfx_uarte_tx
                0x000000000000b988      0x114 _build/nrf52840_xxaa/nrfx_uarte.c.o
                0x000000000000b988                nrfx_uarte_tx
 .text.ev_usbreset_handler
                0x000000000000ba9c       0x30 _build/nrf52840_xxaa/nrfx_usbd.c.o
 .text.ev_started_handler
                0x000000000000bacc        0x4 _build/nrf52840_xxaa/nrfx_usbd.c.o
 .text.nrfx_usbd_consumer
                0x000000000000bad0       0x68 _build/nrf52840_xxaa/nrfx_usbd.c.o
                0x000000000000bad0                nrfx_usbd_consumer
 .text.nrfx_usbd_feeder_ram
                0x000000000000bb38       0x44 _build/nrf52840_xxaa/nrfx_usbd.c.o
                0x000000000000bb38                nrfx_usbd_feeder_ram
 .text.nrfx_usbd_feeder_ram_zlp
                0x000000000000bb7c       0x4c _build/nrf52840_xxaa/nrfx_usbd.c.o
                0x000000000000bb7c                nrfx_usbd_feeder_ram_zlp
 .text.nrfx_usbd_feeder_flash
                0x000000000000bbc8       0x68 _build/nrf52840_xxaa/nrfx_usbd.c.o
                0x000000000000bbc8                nrfx_usbd_feeder_flash
 .text.nrfx_usbd_feeder_flash_zlp
                0x000000000000bc30       0x70 _build/nrf52840_xxaa/nrfx_usbd.c.o
                0x000000000000bc30                nrfx_usbd_feeder_flash_zlp
 .text.ev_usbevent_handler
                0x000000000000bca0       0xb8 _build/nrf52840_xxaa/nrfx_usbd.c.o
 .text.ev_setup_data_handler
                0x000000000000bd58      0x19c _build/nrf52840_xxaa/nrfx_usbd.c.o
 .text.ev_dma_epout8_handler
                0x000000000000bef4       0x70 _build/nrf52840_xxaa/nrfx_usbd.c.o
 .text.ev_dma_epin8_handler
                0x000000000000bf64       0x7c _build/nrf52840_xxaa/nrfx_usbd.c.o
 .text.ev_sof_handler
                0x000000000000bfe0       0x48 _build/nrf52840_xxaa/nrfx_usbd.c.o
 .text.usbd_dmareq_process.part.4
                0x000000000000c028      0x43c _build/nrf52840_xxaa/nrfx_usbd.c.o
 .text.ev_dma_epout7_handler
                0x000000000000c464       0x80 _build/nrf52840_xxaa/nrfx_usbd.c.o
 .text.ev_dma_epin0_handler
                0x000000000000c4e4       0x48 _build/nrf52840_xxaa/nrfx_usbd.c.o
 .text.ev_dma_epout0_handler
                0x000000000000c52c       0xc0 _build/nrf52840_xxaa/nrfx_usbd.c.o
 .text.ev_dma_epin1_handler
                0x000000000000c5ec       0x48 _build/nrf52840_xxaa/nrfx_usbd.c.o
 .text.ev_dma_epin7_handler
                0x000000000000c634       0x48 _build/nrf52840_xxaa/nrfx_usbd.c.o
 .text.ev_dma_epin5_handler
                0x000000000000c67c       0x48 _build/nrf52840_xxaa/nrfx_usbd.c.o
 .text.ev_dma_epin6_handler
                0x000000000000c6c4       0x48 _build/nrf52840_xxaa/nrfx_usbd.c.o
 .text.ev_dma_epin3_handler
                0x000000000000c70c       0x48 _build/nrf52840_xxaa/nrfx_usbd.c.o
 .text.ev_dma_epin4_handler
                0x000000000000c754       0x48 _build/nrf52840_xxaa/nrfx_usbd.c.o
 .text.ev_dma_epin2_handler
                0x000000000000c79c       0x48 _build/nrf52840_xxaa/nrfx_usbd.c.o
 .text.ev_dma_epout2_handler
                0x000000000000c7e4       0x80 _build/nrf52840_xxaa/nrfx_usbd.c.o
 .text.ev_dma_epout3_handler
                0x000000000000c864       0x80 _build/nrf52840_xxaa/nrfx_usbd.c.o
 .text.ev_dma_epout1_handler
                0x000000000000c8e4       0x80 _build/nrf52840_xxaa/nrfx_usbd.c.o
 .text.ev_dma_epout4_handler
                0x000000000000c964       0x84 _build/nrf52840_xxaa/nrfx_usbd.c.o
 .text.ev_dma_epout5_handler
                0x000000000000c9e8       0x80 _build/nrf52840_xxaa/nrfx_usbd.c.o
 .text.ev_dma_epout6_handler
                0x000000000000ca68       0x80 _build/nrf52840_xxaa/nrfx_usbd.c.o
 .text.ev_epdata_handler
                0x000000000000cae8      0x22c _build/nrf52840_xxaa/nrfx_usbd.c.o
 .text.nrfx_usbd_init
                0x000000000000cd14      0x148 _build/nrf52840_xxaa/nrfx_usbd.c.o
                0x000000000000cd14                nrfx_usbd_init
 .text.nrfx_usbd_uninit
                0x000000000000ce5c       0x2c _build/nrf52840_xxaa/nrfx_usbd.c.o
                0x000000000000ce5c                nrfx_usbd_uninit
 .text.nrfx_usbd_enable
                0x000000000000ce88      0x1c8 _build/nrf52840_xxaa/nrfx_usbd.c.o
                0x000000000000ce88                nrfx_usbd_enable
 .text.nrfx_usbd_start
                0x000000000000d050       0x84 _build/nrf52840_xxaa/nrfx_usbd.c.o
                0x000000000000d050                nrfx_usbd_start
 .text.nrfx_usbd_is_initialized
                0x000000000000d0d4       0x10 _build/nrf52840_xxaa/nrfx_usbd.c.o
                0x000000000000d0d4                nrfx_usbd_is_initialized
 .text.nrfx_usbd_is_enabled
                0x000000000000d0e4       0x14 _build/nrf52840_xxaa/nrfx_usbd.c.o
                0x000000000000d0e4                nrfx_usbd_is_enabled
 .text.nrfx_usbd_is_started
                0x000000000000d0f8       0x20 _build/nrf52840_xxaa/nrfx_usbd.c.o
                0x000000000000d0f8                nrfx_usbd_is_started
 .text.nrfx_usbd_wakeup_req
                0x000000000000d118       0x74 _build/nrf52840_xxaa/nrfx_usbd.c.o
                0x000000000000d118                nrfx_usbd_wakeup_req
 .text.nrfx_usbd_suspend_irq_config
                0x000000000000d18c       0x14 _build/nrf52840_xxaa/nrfx_usbd.c.o
                0x000000000000d18c                nrfx_usbd_suspend_irq_config
 .text.nrfx_usbd_active_irq_config
                0x000000000000d1a0       0x14 _build/nrf52840_xxaa/nrfx_usbd.c.o
                0x000000000000d1a0                nrfx_usbd_active_irq_config
 .text.nrfx_usbd_force_bus_wakeup
                0x000000000000d1b4        0xc _build/nrf52840_xxaa/nrfx_usbd.c.o
                0x000000000000d1b4                nrfx_usbd_force_bus_wakeup
 .text.nrfx_usbd_ep_max_packet_size_get
                0x000000000000d1c0       0x38 _build/nrf52840_xxaa/nrfx_usbd.c.o
                0x000000000000d1c0                nrfx_usbd_ep_max_packet_size_get
 .text.nrfx_usbd_ep_enable_check
                0x000000000000d1f8       0x44 _build/nrf52840_xxaa/nrfx_usbd.c.o
                0x000000000000d1f8                nrfx_usbd_ep_enable_check
 .text.nrfx_usbd_ep_transfer
                0x000000000000d23c      0x18c _build/nrf52840_xxaa/nrfx_usbd.c.o
                0x000000000000d23c                nrfx_usbd_ep_transfer
 .text.nrfx_usbd_ep_handled_transfer
                0x000000000000d3c8       0xf4 _build/nrf52840_xxaa/nrfx_usbd.c.o
                0x000000000000d3c8                nrfx_usbd_ep_handled_transfer
 .text.nrfx_usbd_feeder_buffer_get
                0x000000000000d4bc        0x8 _build/nrf52840_xxaa/nrfx_usbd.c.o
                0x000000000000d4bc                nrfx_usbd_feeder_buffer_get
 .text.nrfx_usbd_ep_status_get
                0x000000000000d4c4       0x54 _build/nrf52840_xxaa/nrfx_usbd.c.o
                0x000000000000d4c4                nrfx_usbd_ep_status_get
 .text.nrfx_usbd_ep_stall
                0x000000000000d518       0x48 _build/nrf52840_xxaa/nrfx_usbd.c.o
                0x000000000000d518                nrfx_usbd_ep_stall
 .text.nrfx_usbd_ep_stall_check
                0x000000000000d560       0x5c _build/nrf52840_xxaa/nrfx_usbd.c.o
                0x000000000000d560                nrfx_usbd_ep_stall_check
 .text.nrfx_usbd_ep_dtoggle_clear
                0x000000000000d5bc       0x4c _build/nrf52840_xxaa/nrfx_usbd.c.o
                0x000000000000d5bc                nrfx_usbd_ep_dtoggle_clear
 .text.nrfx_usbd_setup_get
                0x000000000000d608       0x4c _build/nrf52840_xxaa/nrfx_usbd.c.o
                0x000000000000d608                nrfx_usbd_setup_get
 .text.nrfx_usbd_setup_data_clear
                0x000000000000d654       0x50 _build/nrf52840_xxaa/nrfx_usbd.c.o
                0x000000000000d654                nrfx_usbd_setup_data_clear
 .text.nrfx_usbd_setup_clear
                0x000000000000d6a4       0x14 _build/nrf52840_xxaa/nrfx_usbd.c.o
                0x000000000000d6a4                nrfx_usbd_setup_clear
 .text.nrfx_usbd_setup_stall
                0x000000000000d6b8       0x14 _build/nrf52840_xxaa/nrfx_usbd.c.o
                0x000000000000d6b8                nrfx_usbd_setup_stall
 .text.nrfx_usbd_last_setup_dir_get
                0x000000000000d6cc        0xc _build/nrf52840_xxaa/nrfx_usbd.c.o
                0x000000000000d6cc                nrfx_usbd_last_setup_dir_get
 .text.nrfx_usbd_transfer_out_drop
                0x000000000000d6d8      0x108 _build/nrf52840_xxaa/nrfx_usbd.c.o
                0x000000000000d6d8                nrfx_usbd_transfer_out_drop
 .text.USBD_IRQHandler
                0x000000000000d7e0      0x484 _build/nrf52840_xxaa/nrfx_usbd.c.o
                0x000000000000d7e0                USBD_IRQHandler
 .text.nrfx_usbd_ep_enable
                0x000000000000dc64      0x128 _build/nrf52840_xxaa/nrfx_usbd.c.o
                0x000000000000dc64                nrfx_usbd_ep_enable
 .text.nrfx_usbd_ep_stall_clear
                0x000000000000dd8c       0x78 _build/nrf52840_xxaa/nrfx_usbd.c.o
                0x000000000000dd8c                nrfx_usbd_ep_stall_clear
 .text.nrfx_usbd_stop
                0x000000000000de04      0x1b8 _build/nrf52840_xxaa/nrfx_usbd.c.o
                0x000000000000de04                nrfx_usbd_stop
 .text.nrfx_usbd_ep_abort
                0x000000000000dfbc      0x1e4 _build/nrf52840_xxaa/nrfx_usbd.c.o
                0x000000000000dfbc                nrfx_usbd_ep_abort
 .text.nrfx_usbd_disable
                0x000000000000e1a0      0x204 _build/nrf52840_xxaa/nrfx_usbd.c.o
                0x000000000000e1a0                nrfx_usbd_disable
 .text.nrfx_usbd_suspend
                0x000000000000e3a4      0x1a4 _build/nrf52840_xxaa/nrfx_usbd.c.o
                0x000000000000e3a4                nrfx_usbd_suspend
 .text.nrfx_usbd_ep_disable
                0x000000000000e548      0x2a4 _build/nrf52840_xxaa/nrfx_usbd.c.o
                0x000000000000e548                nrfx_usbd_ep_disable
 .text.ev_setup_handler
                0x000000000000e7ec      0x26c _build/nrf52840_xxaa/nrfx_usbd.c.o
 .text.alert_timer_handler
                0x000000000000ea58        0x8 _build/nrf52840_xxaa/bsp.c.o
 .text.bsp_button_event_handler
                0x000000000000ea60       0xa4 _build/nrf52840_xxaa/bsp.c.o
 .text.button_timer_handler
                0x000000000000eb04       0x30 _build/nrf52840_xxaa/bsp.c.o
 .text.leds_timer_handler
                0x000000000000eb34      0x2ec _build/nrf52840_xxaa/bsp.c.o
 .text.bsp_init
                0x000000000000ee20       0xc0 _build/nrf52840_xxaa/bsp.c.o
                0x000000000000ee20                bsp_init
 .text.default_wait_func
                0x000000000000eee0        0x4 _build/nrf52840_xxaa/diskio_blkdev.c.o
 .text.block_dev_handler
                0x000000000000eee4       0x40 _build/nrf52840_xxaa/diskio_blkdev.c.o
 .text.disk_initialize
                0x000000000000ef24       0xa8 _build/nrf52840_xxaa/diskio_blkdev.c.o
                0x000000000000ef24                disk_initialize
 .text.disk_uninitialize
                0x000000000000efcc       0xbc _build/nrf52840_xxaa/diskio_blkdev.c.o
                0x000000000000efcc                disk_uninitialize
 .text.disk_status
                0x000000000000f088       0x3c _build/nrf52840_xxaa/diskio_blkdev.c.o
                0x000000000000f088                disk_status
 .text.disk_read
                0x000000000000f0c4       0xc4 _build/nrf52840_xxaa/diskio_blkdev.c.o
                0x000000000000f0c4                disk_read
 .text.disk_write
                0x000000000000f188       0xd0 _build/nrf52840_xxaa/diskio_blkdev.c.o
                0x000000000000f188                disk_write
 .text.disk_ioctl
                0x000000000000f258      0x10c _build/nrf52840_xxaa/diskio_blkdev.c.o
                0x000000000000f258                disk_ioctl
 .text.diskio_blockdev_register
                0x000000000000f364       0x2c _build/nrf52840_xxaa/diskio_blkdev.c.o
                0x000000000000f364                diskio_blockdev_register
 .text.unlikely.sync_window.part.5
                0x000000000000f390       0x48 _build/nrf52840_xxaa/ff.c.o
 .text.check_fs
                0x000000000000f3d8       0xac _build/nrf52840_xxaa/ff.c.o
 .text.move_window
                0x000000000000f484       0x7c _build/nrf52840_xxaa/ff.c.o
 .text.find_volume
                0x000000000000f500      0x3e0 _build/nrf52840_xxaa/ff.c.o
 .text.sync_fs  0x000000000000f8e0      0x160 _build/nrf52840_xxaa/ff.c.o
 .text.put_fat.part.7
                0x000000000000fa40      0x2dc _build/nrf52840_xxaa/ff.c.o
 .text.remove_chain
                0x000000000000fd1c      0x2ec _build/nrf52840_xxaa/ff.c.o
 .text.get_fat.isra.8
                0x0000000000010008      0x268 _build/nrf52840_xxaa/ff.c.o
 .text.create_chain
                0x0000000000010270      0x37c _build/nrf52840_xxaa/ff.c.o
 .text.dir_sdi.constprop.14
                0x00000000000105ec      0x2dc _build/nrf52840_xxaa/ff.c.o
 .text.dir_register
                0x00000000000108c8      0x3f0 _build/nrf52840_xxaa/ff.c.o
 .text.follow_path
                0x0000000000010cb8      0x34c _build/nrf52840_xxaa/ff.c.o
 .text.f_mount  0x0000000000011004       0x6c _build/nrf52840_xxaa/ff.c.o
                0x0000000000011004                f_mount
 .text.f_open   0x0000000000011070      0x2b4 _build/nrf52840_xxaa/ff.c.o
                0x0000000000011070                f_open
 .text.f_close  0x0000000000011324      0x154 _build/nrf52840_xxaa/ff.c.o
                0x0000000000011324                f_close
 .text.f_opendir
                0x0000000000011478      0x430 _build/nrf52840_xxaa/ff.c.o
                0x0000000000011478                f_opendir
 .text.f_readdir
                0x00000000000118a8      0x35c _build/nrf52840_xxaa/ff.c.o
                0x00000000000118a8                f_readdir
 .text.f_mkfs   0x0000000000011c04      0xa10 _build/nrf52840_xxaa/ff.c.o
                0x0000000000011c04                f_mkfs
 .text.SystemInit
                0x0000000000012614      0x1c4 _build/nrf52840_xxaa/system_nrf52840.c.o
                0x0000000000012614                SystemInit
 .text.msc_user_ev_handler
                0x00000000000127d8        0x4 _build/nrf52840_xxaa/main.c.o
 .text.fatfs_file_create
                0x00000000000127dc       0xcc _build/nrf52840_xxaa/main.c.o
 .text.fatfs_ls
                0x00000000000128a8       0xec _build/nrf52840_xxaa/main.c.o
 .text.bsp_event_callback
                0x0000000000012994       0x2c _build/nrf52840_xxaa/main.c.o
 .text.usbd_user_ev_handler
                0x00000000000129c0      0x168 _build/nrf52840_xxaa/main.c.o
 .text.startup.main
                0x0000000000012b28      0x228 _build/nrf52840_xxaa/main.c.o
                0x0000000000012b28                main
 .text.spim_event_handler
                0x0000000000012d50       0x2c _build/nrf52840_xxaa/led_strip.c.o
                0x0000000000012d50                spim_event_handler
 .text.led_strip_init
                0x0000000000012d7c       0xf4 _build/nrf52840_xxaa/led_strip.c.o
                0x0000000000012d7c                led_strip_init
 .text.exit     0x0000000000012e70       0x28 /home/zoon/Workspace/toolchains/gcc-arm-none-eabi-6-2017-q2-update/bin/../lib/gcc/arm-none-eabi/6.3.1/../../../../arm-none-eabi/lib/thumb/v7e-m/fpv4-sp/hard/libc_nano.a(lib_a-exit.o)
                0x0000000000012e70                exit
 .text.__libc_init_array
                0x0000000000012e98       0x48 /home/zoon/Workspace/toolchains/gcc-arm-none-eabi-6-2017-q2-update/bin/../lib/gcc/arm-none-eabi/6.3.1/../../../../arm-none-eabi/lib/thumb/v7e-m/fpv4-sp/hard/libc_nano.a(lib_a-init.o)
                0x0000000000012e98                __libc_init_array
 .text.__locale_ctype_ptr
                0x0000000000012ee0       0x1c /home/zoon/Workspace/toolchains/gcc-arm-none-eabi-6-2017-q2-update/bin/../lib/gcc/arm-none-eabi/6.3.1/../../../../arm-none-eabi/lib/thumb/v7e-m/fpv4-sp/hard/libc_nano.a(lib_a-locale.o)
                0x0000000000012ee0                __locale_ctype_ptr
 .text.__ascii_mbtowc
                0x0000000000012efc       0x24 /home/zoon/Workspace/toolchains/gcc-arm-none-eabi-6-2017-q2-update/bin/../lib/gcc/arm-none-eabi/6.3.1/../../../../arm-none-eabi/lib/thumb/v7e-m/fpv4-sp/hard/libc_nano.a(lib_a-mbtowc_r.o)
                0x0000000000012efc                __ascii_mbtowc
 .text.memcmp   0x0000000000012f20       0x1e /home/zoon/Workspace/toolchains/gcc-arm-none-eabi-6-2017-q2-update/bin/../lib/gcc/arm-none-eabi/6.3.1/../../../../arm-none-eabi/lib/thumb/v7e-m/fpv4-sp/hard/libc_nano.a(lib_a-memcmp.o)
                0x0000000000012f20                memcmp
 .text.memcpy   0x0000000000012f3e       0x16 /home/zoon/Workspace/toolchains/gcc-arm-none-eabi-6-2017-q2-update/bin/../lib/gcc/arm-none-eabi/6.3.1/../../../../arm-none-eabi/lib/thumb/v7e-m/fpv4-sp/hard/libc_nano.a(lib_a-memcpy-stub.o)
                0x0000000000012f3e                memcpy
 .text.memset   0x0000000000012f54       0x10 /home/zoon/Workspace/toolchains/gcc-arm-none-eabi-6-2017-q2-update/bin/../lib/gcc/arm-none-eabi/6.3.1/../../../../arm-none-eabi/lib/thumb/v7e-m/fpv4-sp/hard/libc_nano.a(lib_a-memset.o)
                0x0000000000012f54                memset
 .text.rand     0x0000000000012f64       0x74 /home/zoon/Workspace/toolchains/gcc-arm-none-eabi-6-2017-q2-update/bin/../lib/gcc/arm-none-eabi/6.3.1/../../../../arm-none-eabi/lib/thumb/v7e-m/fpv4-sp/hard/libc_nano.a(lib_a-rand.o)
                0x0000000000012f64                rand
 .text.snprintf
                0x0000000000012fd8       0x68 /home/zoon/Workspace/toolchains/gcc-arm-none-eabi-6-2017-q2-update/bin/../lib/gcc/arm-none-eabi/6.3.1/../../../../arm-none-eabi/lib/thumb/v7e-m/fpv4-sp/hard/libc_nano.a(lib_a-snprintf.o)
                0x0000000000012fd8                snprintf
                0x0000000000012fd8                sniprintf
 .text          0x0000000000013040       0x10 /home/zoon/Workspace/toolchains/gcc-arm-none-eabi-6-2017-q2-update/bin/../lib/gcc/arm-none-eabi/6.3.1/../../../../arm-none-eabi/lib/thumb/v7e-m/fpv4-sp/hard/libc_nano.a(lib_a-strlen.o)
                0x0000000000013040                strlen
 .text.strncpy  0x0000000000013050       0x2a /home/zoon/Workspace/toolchains/gcc-arm-none-eabi-6-2017-q2-update/bin/../lib/gcc/arm-none-eabi/6.3.1/../../../../arm-none-eabi/lib/thumb/v7e-m/fpv4-sp/hard/libc_nano.a(lib_a-strncpy.o)
                0x0000000000013050                strncpy
 .text.__ascii_wctomb
                0x000000000001307a       0x1a /home/zoon/Workspace/toolchains/gcc-arm-none-eabi-6-2017-q2-update/bin/../lib/gcc/arm-none-eabi/6.3.1/../../../../arm-none-eabi/lib/thumb/v7e-m/fpv4-sp/hard/libc_nano.a(lib_a-wctomb_r.o)
                0x000000000001307a                __ascii_wctomb
 .text.malloc   0x0000000000013094       0x10 /home/zoon/Workspace/toolchains/gcc-arm-none-eabi-6-2017-q2-update/bin/../lib/gcc/arm-none-eabi/6.3.1/../../../../arm-none-eabi/lib/thumb/v7e-m/fpv4-sp/hard/libc_nano.a(lib_a-malloc.o)
                0x0000000000013094                malloc
 .text._free_r  0x00000000000130a4       0x9c /home/zoon/Workspace/toolchains/gcc-arm-none-eabi-6-2017-q2-update/bin/../lib/gcc/arm-none-eabi/6.3.1/../../../../arm-none-eabi/lib/thumb/v7e-m/fpv4-sp/hard/libc_nano.a(lib_a-nano-freer.o)
                0x00000000000130a4                _free_r
 .text._malloc_r
                0x0000000000013140       0xbc /home/zoon/Workspace/toolchains/gcc-arm-none-eabi-6-2017-q2-update/bin/../lib/gcc/arm-none-eabi/6.3.1/../../../../arm-none-eabi/lib/thumb/v7e-m/fpv4-sp/hard/libc_nano.a(lib_a-nano-mallocr.o)
                0x0000000000013140                _malloc_r
 .text.__ssputs_r
                0x00000000000131fc       0xb6 /home/zoon/Workspace/toolchains/gcc-arm-none-eabi-6-2017-q2-update/bin/../lib/gcc/arm-none-eabi/6.3.1/../../../../arm-none-eabi/lib/thumb/v7e-m/fpv4-sp/hard/libc_nano.a(lib_a-nano-svfprintf.o)
                0x00000000000131fc                __ssputs_r
 *fill*         0x00000000000132b2        0x2 
 .text._svfprintf_r
                0x00000000000132b4      0x1e8 /home/zoon/Workspace/toolchains/gcc-arm-none-eabi-6-2017-q2-update/bin/../lib/gcc/arm-none-eabi/6.3.1/../../../../arm-none-eabi/lib/thumb/v7e-m/fpv4-sp/hard/libc_nano.a(lib_a-nano-svfprintf.o)
                0x00000000000132b4                _svfprintf_r
                0x00000000000132b4                _svfiprintf_r
 .text._printf_common
                0x000000000001349c       0xec /home/zoon/Workspace/toolchains/gcc-arm-none-eabi-6-2017-q2-update/bin/../lib/gcc/arm-none-eabi/6.3.1/../../../../arm-none-eabi/lib/thumb/v7e-m/fpv4-sp/hard/libc_nano.a(lib_a-nano-vfprintf_i.o)
                0x000000000001349c                _printf_common
 .text._printf_i
                0x0000000000013588      0x240 /home/zoon/Workspace/toolchains/gcc-arm-none-eabi-6-2017-q2-update/bin/../lib/gcc/arm-none-eabi/6.3.1/../../../../arm-none-eabi/lib/thumb/v7e-m/fpv4-sp/hard/libc_nano.a(lib_a-nano-vfprintf_i.o)
                0x0000000000013588                _printf_i
 .text._sbrk_r  0x00000000000137c8       0x20 /home/zoon/Workspace/toolchains/gcc-arm-none-eabi-6-2017-q2-update/bin/../lib/gcc/arm-none-eabi/6.3.1/../../../../arm-none-eabi/lib/thumb/v7e-m/fpv4-sp/hard/libc_nano.a(lib_a-sbrkr.o)
                0x00000000000137c8                _sbrk_r
 *fill*         0x00000000000137e8        0x8 
 .text          0x00000000000137f0       0xa0 /home/zoon/Workspace/toolchains/gcc-arm-none-eabi-6-2017-q2-update/bin/../lib/gcc/arm-none-eabi/6.3.1/../../../../arm-none-eabi/lib/thumb/v7e-m/fpv4-sp/hard/libc_nano.a(lib_a-memchr.o)
                0x00000000000137f0                memchr
 .text.memmove  0x0000000000013890       0x34 /home/zoon/Workspace/toolchains/gcc-arm-none-eabi-6-2017-q2-update/bin/../lib/gcc/arm-none-eabi/6.3.1/../../../../arm-none-eabi/lib/thumb/v7e-m/fpv4-sp/hard/libc_nano.a(lib_a-memmove.o)
                0x0000000000013890                memmove
 .text.__malloc_lock
                0x00000000000138c4        0x2 /home/zoon/Workspace/toolchains/gcc-arm-none-eabi-6-2017-q2-update/bin/../lib/gcc/arm-none-eabi/6.3.1/../../../../arm-none-eabi/lib/thumb/v7e-m/fpv4-sp/hard/libc_nano.a(lib_a-mlock.o)
                0x00000000000138c4                __malloc_lock
 .text.__malloc_unlock
                0x00000000000138c6        0x2 /home/zoon/Workspace/toolchains/gcc-arm-none-eabi-6-2017-q2-update/bin/../lib/gcc/arm-none-eabi/6.3.1/../../../../arm-none-eabi/lib/thumb/v7e-m/fpv4-sp/hard/libc_nano.a(lib_a-mlock.o)
                0x00000000000138c6                __malloc_unlock
 .text._realloc_r
                0x00000000000138c8       0x4c /home/zoon/Workspace/toolchains/gcc-arm-none-eabi-6-2017-q2-update/bin/../lib/gcc/arm-none-eabi/6.3.1/../../../../arm-none-eabi/lib/thumb/v7e-m/fpv4-sp/hard/libc_nano.a(lib_a-nano-reallocr.o)
                0x00000000000138c8                _realloc_r
 .text._malloc_usable_size_r
                0x0000000000013914       0x12 /home/zoon/Workspace/toolchains/gcc-arm-none-eabi-6-2017-q2-update/bin/../lib/gcc/arm-none-eabi/6.3.1/../../../../arm-none-eabi/lib/thumb/v7e-m/fpv4-sp/hard/libc_nano.a(lib_a-nano-msizer.o)
                0x0000000000013914                _malloc_usable_size_r
 *fill*         0x0000000000013926        0x2 
 .text._sbrk    0x0000000000013928       0x1c /home/zoon/Workspace/toolchains/gcc-arm-none-eabi-6-2017-q2-update/bin/../lib/gcc/arm-none-eabi/6.3.1/../../../../arm-none-eabi/lib/thumb/v7e-m/fpv4-sp/hard/libnosys.a(sbrk.o)
                0x0000000000013928                _sbrk
 .text._exit    0x0000000000013944        0x4 /home/zoon/Workspace/toolchains/gcc-arm-none-eabi-6-2017-q2-update/bin/../lib/gcc/arm-none-eabi/6.3.1/../../../../arm-none-eabi/lib/thumb/v7e-m/fpv4-sp/hard/libnosys.a(_exit.o)
                0x0000000000013944                _exit
 .text          0x0000000000013948       0x30 /home/zoon/Workspace/toolchains/gcc-arm-none-eabi-6-2017-q2-update/bin/../lib/gcc/arm-none-eabi/6.3.1/thumb/v7e-m/fpv4-sp/hard/libgcc.a(_aeabi_uldivmod.o)
                0x0000000000013948                __aeabi_uldivmod
 .text          0x0000000000013978      0x2dc /home/zoon/Workspace/toolchains/gcc-arm-none-eabi-6-2017-q2-update/bin/../lib/gcc/arm-none-eabi/6.3.1/thumb/v7e-m/fpv4-sp/hard/libgcc.a(_udivmoddi4.o)
                0x0000000000013978                __udivmoddi4
 .text          0x0000000000013c54        0x4 /home/zoon/Workspace/toolchains/gcc-arm-none-eabi-6-2017-q2-update/bin/../lib/gcc/arm-none-eabi/6.3.1/thumb/v7e-m/fpv4-sp/hard/libgcc.a(_dvmd_tls.o)
                0x0000000000013c54                __aeabi_ldiv0
                0x0000000000013c54                __aeabi_idiv0
 *(.init)
 .init          0x0000000000013c58        0x4 /home/zoon/Workspace/toolchains/gcc-arm-none-eabi-6-2017-q2-update/bin/../lib/gcc/arm-none-eabi/6.3.1/thumb/v7e-m/fpv4-sp/hard/crti.o
                0x0000000000013c58                _init
 .init          0x0000000000013c5c        0x8 /home/zoon/Workspace/toolchains/gcc-arm-none-eabi-6-2017-q2-update/bin/../lib/gcc/arm-none-eabi/6.3.1/thumb/v7e-m/fpv4-sp/hard/crtn.o
 *(.fini)
 .fini          0x0000000000013c64        0x4 /home/zoon/Workspace/toolchains/gcc-arm-none-eabi-6-2017-q2-update/bin/../lib/gcc/arm-none-eabi/6.3.1/thumb/v7e-m/fpv4-sp/hard/crti.o
                0x0000000000013c64                _fini
 .fini          0x0000000000013c68        0x8 /home/zoon/Workspace/toolchains/gcc-arm-none-eabi-6-2017-q2-update/bin/../lib/gcc/arm-none-eabi/6.3.1/thumb/v7e-m/fpv4-sp/hard/crtn.o
 *crtbegin.o(.ctors)
 *crtbegin?.o(.ctors)
 *(EXCLUDE_FILE(*crtend.o *crtend?.o) .ctors)
 *(SORT(.ctors.*))
 *(.ctors)
 *crtbegin.o(.dtors)
 *crtbegin?.o(.dtors)
 *(EXCLUDE_FILE(*crtend.o *crtend?.o) .dtors)
 *(SORT(.dtors.*))
 *(.dtors)
 *(.rodata*)
 .rodata        0x0000000000013c70       0x20 _build/nrf52840_xxaa/nrf_log_backend_uart.c.o
 .rodata.nrf_log_backend_uart_api
                0x0000000000013c90        0xc _build/nrf52840_xxaa/nrf_log_backend_uart.c.o
                0x0000000000013c90                nrf_log_backend_uart_api
 .rodata.serial_tx.str1.4
                0x0000000000013c9c       0x6f _build/nrf52840_xxaa/nrf_log_backend_uart.c.o
 *fill*         0x0000000000013d0b        0x1 
 .rodata.nrf_log_default_backends_init.str1.4
                0x0000000000013d0c       0x73 _build/nrf52840_xxaa/nrf_log_default_backends.c.o
 *fill*         0x0000000000013d7f        0x1 
 .rodata.str1.4
                0x0000000000013d80       0x11 _build/nrf52840_xxaa/nrf_log_default_backends.c.o
 *fill*         0x0000000000013d91        0x3 
 .rodata.log_skip.str1.4
                0x0000000000013d94       0x6b _build/nrf52840_xxaa/nrf_log_frontend.c.o
 *fill*         0x0000000000013dff        0x1 
 .rodata.m_log_push_ringbuf
                0x0000000000013e00        0xc _build/nrf52840_xxaa/nrf_log_frontend.c.o
 .rodata.nrf_log_frontend_dequeue.str1.4
                0x0000000000013e0c       0x11 _build/nrf52840_xxaa/nrf_log_frontend.c.o
 *fill*         0x0000000000013e1d        0x3 
 .rodata.str1.4
                0x0000000000013e20        0x4 _build/nrf52840_xxaa/nrf_log_frontend.c.o
 .rodata.m_colors
                0x0000000000013e24       0x24 _build/nrf52840_xxaa/nrf_log_str_formatter.c.o
 .rodata.nrf_log_hexdump_entry_process.str1.4
                0x0000000000013e48        0xf _build/nrf52840_xxaa/nrf_log_str_formatter.c.o
                                         0x16 (size before relaxing)
 .rodata.nrf_log_std_entry_process.str1.4
                0x0000000000013e57        0xf _build/nrf52840_xxaa/nrf_log_str_formatter.c.o
                                          0x3 (size before relaxing)
 *fill*         0x0000000000013e57        0x1 
 .rodata.prefix_process.str1.4
                0x0000000000013e58       0x52 _build/nrf52840_xxaa/nrf_log_str_formatter.c.o
 *fill*         0x0000000000013eaa        0x2 
 .rodata.severity_names
                0x0000000000013eac       0x14 _build/nrf52840_xxaa/nrf_log_str_formatter.c.o
 .rodata.str1.4
                0x0000000000013ec0       0x4e _build/nrf52840_xxaa/nrf_log_str_formatter.c.o
                                         0x56 (size before relaxing)
 *fill*         0x0000000000013f0e        0x2 
 .rodata.bsp_board_led_state_get.str1.4
                0x0000000000013f10       0xaf _build/nrf52840_xxaa/boards.c.o
 *fill*         0x0000000000013fbf        0x1 
 .rodata.m_board_led_list
                0x0000000000013fc0        0x4 _build/nrf52840_xxaa/boards.c.o
 .rodata.gpiote_event_handler.str1.4
                0x0000000000013fc4       0x64 _build/nrf52840_xxaa/app_button.c.o
 .rodata.m_detection_delay_timer_id
                0x0000000000014028        0x4 _build/nrf52840_xxaa/app_button.c.o
 .rodata.str1.4
                0x000000000001402c        0xb _build/nrf52840_xxaa/app_button.c.o
 *fill*         0x0000000000014037        0x1 
 .rodata.app_error_fault_handler.str1.4
                0x0000000000014038       0x70 _build/nrf52840_xxaa/app_error_weak.c.o
 .rodata.m_spi  0x00000000000140a8       0x10 _build/nrf52840_xxaa/app_sdcard.c.o
 .rodata.sdc_spi_transfer.str1.4
                0x00000000000140b8       0x64 _build/nrf52840_xxaa/app_sdcard.c.o
                                         0xbc (size before relaxing)
 .rodata        0x000000000001411c        0x4 _build/nrf52840_xxaa/app_timer2.c.o
 .rodata.m_app_timer_sortlist
                0x0000000000014120        0xc _build/nrf52840_xxaa/app_timer2.c.o
 .rodata.rtc_irq.str1.4
                0x000000000001412c       0x63 _build/nrf52840_xxaa/app_timer2.c.o
 *fill*         0x000000000001418f        0x1 
 .rodata.str1.4
                0x0000000000014190        0xa _build/nrf52840_xxaa/app_timer2.c.o
 *fill*         0x000000000001419a        0x2 
 .rodata.CSWTCH.57
                0x000000000001419c        0x7 _build/nrf52840_xxaa/app_usbd.c.o
 *fill*         0x00000000000141a3        0x1 
 .rodata.app_usbd_hfclk_ready.str1.4
                0x00000000000141a4       0x60 _build/nrf52840_xxaa/app_usbd.c.o
 .rodata.config.10650
                0x0000000000014204        0x4 _build/nrf52840_xxaa/app_usbd.c.o
 .rodata.ev.10540
                0x0000000000014208        0x4 _build/nrf52840_xxaa/app_usbd.c.o
 .rodata.ev.10543
                0x000000000001420c        0x4 _build/nrf52840_xxaa/app_usbd.c.o
 .rodata.ev.10545
                0x0000000000014210        0x4 _build/nrf52840_xxaa/app_usbd.c.o
 .rodata.event_setaddress.10528
                0x0000000000014214        0x4 _build/nrf52840_xxaa/app_usbd.c.o
 .rodata.evt_data.10553
                0x0000000000014218        0x1 _build/nrf52840_xxaa/app_usbd.c.o
 *fill*         0x0000000000014219        0x3 
 .rodata.evt_data.10674
                0x000000000001421c        0x1 _build/nrf52840_xxaa/app_usbd.c.o
 *fill*         0x000000000001421d        0x3 
 .rodata.evt_data.10694
                0x0000000000014220        0x1 _build/nrf52840_xxaa/app_usbd.c.o
 *fill*         0x0000000000014221        0x3 
 .rodata.evt_data.10697
                0x0000000000014224        0x1 _build/nrf52840_xxaa/app_usbd.c.o
 *fill*         0x0000000000014225        0x3 
 .rodata.evt_data.10707
                0x0000000000014228        0x1 _build/nrf52840_xxaa/app_usbd.c.o
 *fill*         0x0000000000014229        0x3 
 .rodata.evt_data.10716
                0x000000000001422c        0x1 _build/nrf52840_xxaa/app_usbd.c.o
 *fill*         0x000000000001422d        0x3 
 .rodata.str1.4
                0x0000000000014230        0x9 _build/nrf52840_xxaa/app_usbd.c.o
 *fill*         0x0000000000014239        0x3 
 .rodata.app_usbd_core_inst
                0x000000000001423c       0x10 _build/nrf52840_xxaa/app_usbd_core.c.o
                0x000000000001423c                app_usbd_core_inst
 .rodata.evt_data.9712
                0x000000000001424c        0x1 _build/nrf52840_xxaa/app_usbd_core.c.o
 *fill*         0x000000000001424d        0x3 
 .rodata.m_configuration_dsc
                0x0000000000014250        0x9 _build/nrf52840_xxaa/app_usbd_core.c.o
 *fill*         0x0000000000014259        0x3 
 .rodata.m_core_methods
                0x000000000001425c       0x14 _build/nrf52840_xxaa/app_usbd_core.c.o
 .rodata.m_device_dsc
                0x0000000000014270       0x12 _build/nrf52840_xxaa/app_usbd_core.c.o
 *fill*         0x0000000000014282        0x2 
 .rodata.m_setup_data_handler_empty_desc
                0x0000000000014284        0x8 _build/nrf52840_xxaa/app_usbd_core.c.o
 .rodata.str1.4
                0x000000000001428c        0xe _build/nrf52840_xxaa/app_usbd_core.c.o
 *fill*         0x000000000001429a        0x2 
 .rodata.usbd_descriptor_conf_feeder.str1.4
                0x000000000001429c       0xc5 _build/nrf52840_xxaa/app_usbd_core.c.o
 *fill*         0x0000000000014361        0x3 
 .rodata.usbd_descriptor_feeder_desc
                0x0000000000014364        0x8 _build/nrf52840_xxaa/app_usbd_core.c.o
 .rodata.app_usbd_msc_class_methods
                0x000000000001436c       0x14 _build/nrf52840_xxaa/app_usbd_msc.c.o
                0x000000000001436c                app_usbd_msc_class_methods
 .rodata.ep_out_addr_get.str1.4
                0x0000000000014380       0x6b _build/nrf52840_xxaa/app_usbd_msc.c.o
 *fill*         0x00000000000143eb        0x1 
 .rodata.m_cbw_signature
                0x00000000000143ec        0x4 _build/nrf52840_xxaa/app_usbd_msc.c.o
 .rodata.m_csw_signature
                0x00000000000143f0        0x4 _build/nrf52840_xxaa/app_usbd_msc.c.o
 .rodata.msc_get.part.2.str1.4
                0x00000000000143f4       0x6e _build/nrf52840_xxaa/app_usbd_msc.c.o
 *fill*         0x0000000000014462        0x2 
 .rodata.read_blockmem_processor.str1.4
                0x0000000000014464       0x6a _build/nrf52840_xxaa/app_usbd_msc.c.o
 *fill*         0x00000000000144ce        0x2 
 .rodata.str1.4
                0x00000000000144d0        0x9 _build/nrf52840_xxaa/app_usbd_msc.c.o
 *fill*         0x00000000000144d9        0x3 
 .rodata.__compound_literal.1
                0x00000000000144dc        0x6 _build/nrf52840_xxaa/app_usbd_string_desc.c.o
 *fill*         0x00000000000144e2        0x2 
 .rodata.__compound_literal.2
                0x00000000000144e4       0x15 _build/nrf52840_xxaa/app_usbd_string_desc.c.o
 *fill*         0x00000000000144f9        0x3 
 .rodata.__compound_literal.3
                0x00000000000144fc       0x12 _build/nrf52840_xxaa/app_usbd_string_desc.c.o
 *fill*         0x000000000001450e        0x2 
 .rodata.__compound_literal.4
                0x0000000000014510        0xd _build/nrf52840_xxaa/app_usbd_string_desc.c.o
 *fill*         0x000000000001451d        0x3 
 .rodata.__compound_literal.5
                0x0000000000014520       0x16 _build/nrf52840_xxaa/app_usbd_string_desc.c.o
 *fill*         0x0000000000014536        0x2 
 .rodata.__compound_literal.6
                0x0000000000014538        0x7 _build/nrf52840_xxaa/app_usbd_string_desc.c.o
 *fill*         0x000000000001453f        0x1 
 .rodata.app_usbd_string_desc_get.str1.4
                0x0000000000014540       0x6c _build/nrf52840_xxaa/app_usbd_string_desc.c.o
 .rodata.m_string_dsc
                0x00000000000145ac       0x18 _build/nrf52840_xxaa/app_usbd_string_desc.c.o
 .rodata.m_string_translation
                0x00000000000145c4        0x6 _build/nrf52840_xxaa/app_usbd_string_desc.c.o
 *fill*         0x00000000000145ca        0x2 
 .rodata.app_util_critical_region_enter.str1.4
                0x00000000000145cc       0x69 _build/nrf52840_xxaa/app_util_platform.c.o
 *fill*         0x0000000000014635        0xb 
 .rodata.delay_machine_code.8020
                0x0000000000014640        0x6 _build/nrf52840_xxaa/drv_rtc.c.o
 *fill*         0x0000000000014646        0x2 
 .rodata.drv_rtc_init.str1.4
                0x0000000000014648      0x146 _build/nrf52840_xxaa/drv_rtc.c.o
 *fill*         0x000000000001478e        0x2 
 .rodata.HardFault_c_handler.str1.4
                0x0000000000014790      0x136 _build/nrf52840_xxaa/hardfault_implementation.c.o
 *fill*         0x00000000000148c6        0x2 
 .rodata.cfsr_msgs.8615
                0x00000000000148c8       0x68 _build/nrf52840_xxaa/hardfault_implementation.c.o
 .rodata.str1.4
                0x0000000000014930      0x4de _build/nrf52840_xxaa/hardfault_implementation.c.o
 *fill*         0x0000000000014e0e        0x2 
 .rodata.nrf_balloc_init.str1.4
                0x0000000000014e10       0x64 _build/nrf52840_xxaa/nrf_balloc.c.o
 .rodata.block_dev_sdc_geometry.str1.4
                0x0000000000014e74       0x72 _build/nrf52840_xxaa/nrf_block_dev_sdc.c.o
 *fill*         0x0000000000014ee6        0x2 
 .rodata.nrf_block_device_sdc_ops
                0x0000000000014ee8       0x18 _build/nrf52840_xxaa/nrf_block_dev_sdc.c.o
                0x0000000000014ee8                nrf_block_device_sdc_ops
 .rodata.nrf_fprintf_buffer_flush.str1.4
                0x0000000000014f00       0x5a _build/nrf52840_xxaa/nrf_fprintf.c.o
 *fill*         0x0000000000014f5a        0x2 
 .rodata._aV2C.7514
                0x0000000000014f5c       0x10 _build/nrf52840_xxaa/nrf_fprintf_format.c.o
 .rodata.nrf_fprintf_fmt.str1.4
                0x0000000000014f6c       0x61 _build/nrf52840_xxaa/nrf_fprintf_format.c.o
 *fill*         0x0000000000014fcd        0x3 
 .rodata.nrf_memobj_write.str1.4
                0x0000000000014fd0       0x64 _build/nrf52840_xxaa/nrf_memobj.c.o
 .rodata.nrf_sortlist_add.str1.4
                0x0000000000015034       0x68 _build/nrf52840_xxaa/nrf_sortlist.c.o
 .rodata.str1.4
                0x000000000001509c        0x9 _build/nrf52840_xxaa/nrf_sortlist.c.o
 *fill*         0x00000000000150a5        0x3 
 .rodata.m_unknown_str
                0x00000000000150a8       0x13 _build/nrf52840_xxaa/nrf_strerror.c.o
 *fill*         0x00000000000150bb        0x1 
 .rodata.nrf_strerror_array
                0x00000000000150bc      0x118 _build/nrf52840_xxaa/nrf_strerror.c.o
 .rodata.str1.4
                0x00000000000151d4      0x3bd _build/nrf52840_xxaa/nrf_strerror.c.o
 *fill*         0x0000000000015591        0x3 
 .rodata.nrf_drv_clock_uninit.str1.4
                0x0000000000015594       0x63 _build/nrf52840_xxaa/nrf_drv_clock.c.o
 *fill*         0x00000000000155f7        0x1 
 .rodata.str1.4
                0x00000000000155f8        0x6 _build/nrf52840_xxaa/nrf_drv_clock.c.o
 *fill*         0x00000000000155fe        0x2 
 .rodata.m_drv_power_config_default
                0x0000000000015600        0x1 _build/nrf52840_xxaa/nrf_drv_power.c.o
 *fill*         0x0000000000015601        0x3 
 .rodata        0x0000000000015604       0x14 _build/nrf52840_xxaa/nrf_drv_spi.c.o
 .rodata.nrf_drv_uart_init.str1.4
                0x0000000000015618       0x62 _build/nrf52840_xxaa/nrf_drv_uart.c.o
 *fill*         0x000000000001567a        0x2 
 .rodata.nrfx_clock_init.str1.4
                0x000000000001567c       0x61 _build/nrf52840_xxaa/nrfx_clock.c.o
 *fill*         0x00000000000156dd        0x3 
 .rodata.str1.4
                0x00000000000156e0        0x6 _build/nrf52840_xxaa/nrfx_clock.c.o
 .rodata.nrfx_gpiote_out_init.str1.4
                0x00000000000156e6       0x57 _build/nrf52840_xxaa/nrfx_gpiote.c.o
 *fill*         0x00000000000156e6        0x2 
 .rodata.nrfx_gpiote_uninit.str1.4
                0x00000000000156e8       0x62 _build/nrf52840_xxaa/nrfx_gpiote.c.o
 *fill*         0x000000000001574a        0x2 
 .rodata.str1.4
                0x000000000001574c        0x7 _build/nrf52840_xxaa/nrfx_gpiote.c.o
 *fill*         0x0000000000015753        0x1 
 .rodata.nrfx_power_init.str1.4
                0x0000000000015754       0x61 _build/nrf52840_xxaa/nrfx_power.c.o
 *fill*         0x00000000000157b5        0x3 
 .rodata.UARTE0_UART0_IRQHandler.str1.4
                0x00000000000157b8       0x63 _build/nrf52840_xxaa/nrfx_prs.c.o
 *fill*         0x000000000001581b        0x1 
 .rodata.str1.4
                0x000000000001581c        0x4 _build/nrf52840_xxaa/nrfx_prs.c.o
 .rodata.SPIM3_IRQHandler.str1.4
                0x0000000000015820       0x60 _build/nrf52840_xxaa/nrfx_spim.c.o
 .rodata.irq_handlers.8948
                0x0000000000015880        0x8 _build/nrf52840_xxaa/nrfx_spim.c.o
 .rodata.nrf_gpio_pin_clear.str1.4
                0x0000000000015888       0x57 _build/nrf52840_xxaa/nrfx_spim.c.o
 .rodata.nrfx_spim_init.str1.4
                0x0000000000015888       0x58 _build/nrf52840_xxaa/nrfx_spim.c.o
 .rodata.str1.4
                0x0000000000015888        0x5 _build/nrf52840_xxaa/nrfx_spim.c.o
 *fill*         0x000000000001588d        0x3 
 .rodata.nrfx_systick_test.str1.4
                0x0000000000015890       0x63 _build/nrf52840_xxaa/nrfx_systick.c.o
 *fill*         0x00000000000158f3        0x1 
 .rodata.nrfx_uart_init.str1.4
                0x00000000000158f4       0x60 _build/nrf52840_xxaa/nrfx_uart.c.o
                                        0x110 (size before relaxing)
 .rodata.str1.4
                0x0000000000015954        0x5 _build/nrf52840_xxaa/nrfx_uart.c.o
 *fill*         0x0000000000015959        0x3 
 .rodata.nrfx_uarte_init.str1.4
                0x000000000001595c       0x61 _build/nrf52840_xxaa/nrfx_uarte.c.o
                                        0x114 (size before relaxing)
 *fill*         0x00000000000159bd        0x3 
 .rodata.str1.4
                0x00000000000159c0        0x6 _build/nrf52840_xxaa/nrfx_uarte.c.o
 *fill*         0x00000000000159c6        0x2 
 .rodata.epin_bitpos.9062
                0x00000000000159c8        0x9 _build/nrf52840_xxaa/nrfx_usbd.c.o
 *fill*         0x00000000000159d1        0x3 
 .rodata.epin_endev.9057
                0x00000000000159d4       0x12 _build/nrf52840_xxaa/nrfx_usbd.c.o
 *fill*         0x00000000000159e6        0x2 
 .rodata.epout_bitpos.9063
                0x00000000000159e8        0x9 _build/nrf52840_xxaa/nrfx_usbd.c.o
 *fill*         0x00000000000159f1        0x3 
 .rodata.epout_endev.9058
                0x00000000000159f4       0x12 _build/nrf52840_xxaa/nrfx_usbd.c.o
 *fill*         0x0000000000015a06        0x2 
 .rodata.m_isr  0x0000000000015a08       0x64 _build/nrf52840_xxaa/nrfx_usbd.c.o
 .rodata.nrfx_usbd_consumer.str1.4
                0x0000000000015a6c       0x60 _build/nrf52840_xxaa/nrfx_usbd.c.o
 .rodata.str1.4
                0x0000000000015acc        0x5 _build/nrf52840_xxaa/nrfx_usbd.c.o
 *fill*         0x0000000000015ad1        0x3 
 .rodata.usbd_dmareq_process.part.4.str1.4
                0x0000000000015ad4       0x57 _build/nrf52840_xxaa/nrfx_usbd.c.o
 *fill*         0x0000000000015b2b        0x1 
 .rodata.app_buttons
                0x0000000000015b2c       0x20 _build/nrf52840_xxaa/bsp.c.o
 .rodata.m_bsp_alert_tmr
                0x0000000000015b4c        0x4 _build/nrf52840_xxaa/bsp.c.o
 .rodata.m_bsp_button_tmr
                0x0000000000015b50        0x4 _build/nrf52840_xxaa/bsp.c.o
 .rodata.m_bsp_leds_tmr
                0x0000000000015b54        0x4 _build/nrf52840_xxaa/bsp.c.o
 .rodata.block_dev_handler.str1.4
                0x0000000000015b58       0x5f _build/nrf52840_xxaa/diskio_blkdev.c.o
 .rodata.disk_initialize.str1.4
                0x0000000000015bb7       0x6a _build/nrf52840_xxaa/diskio_blkdev.c.o
 *fill*         0x0000000000015bb7        0x1 
 .rodata.f_mkfs.str1.4
                0x0000000000015bb8       0x34 _build/nrf52840_xxaa/ff.c.o
 .rodata.follow_path.str1.4
                0x0000000000015bec        0xf _build/nrf52840_xxaa/ff.c.o
 *fill*         0x0000000000015bfb        0x1 
 .rodata.fatfs_file_create.str1.4
                0x0000000000015bfc       0xab _build/nrf52840_xxaa/main.c.o
 *fill*         0x0000000000015ca7        0x1 
 .rodata.fatfs_ls.str1.4
                0x0000000000015ca8       0x88 _build/nrf52840_xxaa/main.c.o
 .rodata.m_app_msc
                0x0000000000015d30       0x2c _build/nrf52840_xxaa/main.c.o
                0x0000000000015d30                m_app_msc
 .rodata.m_block_dev_sdc
                0x0000000000015d5c       0x1c _build/nrf52840_xxaa/main.c.o
 .rodata.main.str1.4
                0x0000000000015d78       0x6d _build/nrf52840_xxaa/main.c.o
 *fill*         0x0000000000015de5        0x3 
 .rodata.str1.4
                0x0000000000015de8       0x11 _build/nrf52840_xxaa/main.c.o
 *fill*         0x0000000000015df9        0x3 
 .rodata.usbd_config.12116
                0x0000000000015dfc        0xc _build/nrf52840_xxaa/main.c.o
 .rodata.usbd_user_ev_handler.str1.4
                0x0000000000015e08       0xf6 _build/nrf52840_xxaa/main.c.o
                                         0xfa (size before relaxing)
 *fill*         0x0000000000015efe        0x2 
 .rodata        0x0000000000015f00       0x14 _build/nrf52840_xxaa/led_strip.c.o
 .rodata.led_strip_init.str1.4
                0x0000000000015f14       0x33 _build/nrf52840_xxaa/led_strip.c.o
 *fill*         0x0000000000015f47        0x1 
 .rodata.spi    0x0000000000015f48        0x8 _build/nrf52840_xxaa/led_strip.c.o
 .rodata.spim_event_handler.str1.4
                0x0000000000015f50       0x14 _build/nrf52840_xxaa/led_strip.c.o
 .rodata._global_impure_ptr
                0x0000000000015f64        0x4 /home/zoon/Workspace/toolchains/gcc-arm-none-eabi-6-2017-q2-update/bin/../lib/gcc/arm-none-eabi/6.3.1/../../../../arm-none-eabi/lib/thumb/v7e-m/fpv4-sp/hard/libc_nano.a(lib_a-impure.o)
                0x0000000000015f64                _global_impure_ptr
 .rodata._setlocale_r.str1.1
                0x0000000000015f68        0x8 /home/zoon/Workspace/toolchains/gcc-arm-none-eabi-6-2017-q2-update/bin/../lib/gcc/arm-none-eabi/6.3.1/../../../../arm-none-eabi/lib/thumb/v7e-m/fpv4-sp/hard/libc_nano.a(lib_a-locale.o)
                                          0x9 (size before relaxing)
 .rodata.str1.1
                0x0000000000015f70        0x2 /home/zoon/Workspace/toolchains/gcc-arm-none-eabi-6-2017-q2-update/bin/../lib/gcc/arm-none-eabi/6.3.1/../../../../arm-none-eabi/lib/thumb/v7e-m/fpv4-sp/hard/libc_nano.a(lib_a-locale.o)
 .rodata._ctype_
                0x0000000000015f72      0x101 /home/zoon/Workspace/toolchains/gcc-arm-none-eabi-6-2017-q2-update/bin/../lib/gcc/arm-none-eabi/6.3.1/../../../../arm-none-eabi/lib/thumb/v7e-m/fpv4-sp/hard/libc_nano.a(lib_a-ctype_.o)
                0x0000000000015f72                _ctype_
 .rodata._svfprintf_r.str1.1
                0x0000000000016073       0x11 /home/zoon/Workspace/toolchains/gcc-arm-none-eabi-6-2017-q2-update/bin/../lib/gcc/arm-none-eabi/6.3.1/../../../../arm-none-eabi/lib/thumb/v7e-m/fpv4-sp/hard/libc_nano.a(lib_a-nano-svfprintf.o)
 .rodata._printf_i.str1.1
                0x0000000000016084       0x22 /home/zoon/Workspace/toolchains/gcc-arm-none-eabi-6-2017-q2-update/bin/../lib/gcc/arm-none-eabi/6.3.1/../../../../arm-none-eabi/lib/thumb/v7e-m/fpv4-sp/hard/libc_nano.a(lib_a-nano-vfprintf_i.o)
 *(.eh_frame*)
 *fill*         0x00000000000160a6        0x2 
 .eh_frame      0x00000000000160a8        0x0 /home/zoon/Workspace/toolchains/gcc-arm-none-eabi-6-2017-q2-update/bin/../lib/gcc/arm-none-eabi/6.3.1/thumb/v7e-m/fpv4-sp/hard/crtbegin.o
 .eh_frame      0x00000000000160a8        0x4 /home/zoon/Workspace/toolchains/gcc-arm-none-eabi-6-2017-q2-update/bin/../lib/gcc/arm-none-eabi/6.3.1/thumb/v7e-m/fpv4-sp/hard/crtend.o

.glue_7         0x00000000000160ac        0x0
 .glue_7        0x00000000000160ac        0x0 linker stubs

.glue_7t        0x00000000000160ac        0x0
 .glue_7t       0x00000000000160ac        0x0 linker stubs

.vfp11_veneer   0x00000000000160ac        0x0
 .vfp11_veneer  0x00000000000160ac        0x0 linker stubs

.v4_bx          0x00000000000160ac        0x0
 .v4_bx         0x00000000000160ac        0x0 linker stubs

.iplt           0x00000000000160ac        0x0
 .iplt          0x00000000000160ac        0x0 /home/zoon/Workspace/toolchains/gcc-arm-none-eabi-6-2017-q2-update/bin/../lib/gcc/arm-none-eabi/6.3.1/thumb/v7e-m/fpv4-sp/hard/crtbegin.o

.mem_section_dummy_rom

.log_const_data
                0x00000000000160ac       0x80
                0x00000000000160ac                PROVIDE (__start_log_const_data, .)
 *(SORT(.log_const_data*))
 .log_const_data_CLOCK
                0x00000000000160ac        0x8 _build/nrf52840_xxaa/nrfx_clock.c.o
                0x00000000000160ac                m_nrf_log_CLOCK_logs_data_const
 .log_const_data_GPIOTE
                0x00000000000160b4        0x8 _build/nrf52840_xxaa/nrfx_gpiote.c.o
                0x00000000000160b4                m_nrf_log_GPIOTE_logs_data_const
 .log_const_data_PRS
                0x00000000000160bc        0x8 _build/nrf52840_xxaa/nrfx_prs.c.o
                0x00000000000160bc                m_nrf_log_PRS_logs_data_const
 .log_const_data_SPIM
                0x00000000000160c4        0x8 _build/nrf52840_xxaa/nrfx_spim.c.o
                0x00000000000160c4                m_nrf_log_SPIM_logs_data_const
 .log_const_data_UART
                0x00000000000160cc        0x8 _build/nrf52840_xxaa/nrfx_uart.c.o
                0x00000000000160cc                m_nrf_log_UART_logs_data_const
 .log_const_data_UARTE
                0x00000000000160d4        0x8 _build/nrf52840_xxaa/nrfx_uarte.c.o
                0x00000000000160d4                m_nrf_log_UARTE_logs_data_const
 .log_const_data_USBD
                0x00000000000160dc        0x8 _build/nrf52840_xxaa/nrfx_usbd.c.o
                0x00000000000160dc                m_nrf_log_USBD_logs_data_const
 .log_const_data_app
                0x00000000000160e4        0x8 _build/nrf52840_xxaa/nrf_log_frontend.c.o
                0x00000000000160e4                m_nrf_log_app_logs_data_const
 .log_const_data_app_button
                0x00000000000160ec        0x8 _build/nrf52840_xxaa/app_button.c.o
                0x00000000000160ec                m_nrf_log_app_button_logs_data_const
 .log_const_data_app_timer
                0x00000000000160f4        0x8 _build/nrf52840_xxaa/app_timer2.c.o
                0x00000000000160f4                m_nrf_log_app_timer_logs_data_const
 .log_const_data_app_usbd
                0x00000000000160fc        0x8 _build/nrf52840_xxaa/app_usbd.c.o
                0x00000000000160fc                m_nrf_log_app_usbd_logs_data_const
 .log_const_data_app_usbd_core
                0x0000000000016104        0x8 _build/nrf52840_xxaa/app_usbd_core.c.o
                0x0000000000016104                m_nrf_log_app_usbd_core_logs_data_const
 .log_const_data_clock
                0x000000000001610c        0x8 _build/nrf52840_xxaa/nrf_drv_clock.c.o
                0x000000000001610c                m_nrf_log_clock_logs_data_const
 .log_const_data_hardfault
                0x0000000000016114        0x8 _build/nrf52840_xxaa/hardfault_implementation.c.o
                0x0000000000016114                m_nrf_log_hardfault_logs_data_const
 .log_const_data_sortlist
                0x000000000001611c        0x8 _build/nrf52840_xxaa/nrf_sortlist.c.o
                0x000000000001611c                m_nrf_log_sortlist_logs_data_const
 .log_const_data_usbd_msc
                0x0000000000016124        0x8 _build/nrf52840_xxaa/app_usbd_msc.c.o
                0x0000000000016124                m_nrf_log_usbd_msc_logs_data_const
                0x000000000001612c                PROVIDE (__stop_log_const_data, .)

.log_backends   0x000000000001612c       0x10
                [!provide]                        PROVIDE (__start_log_backends, .)
 *(SORT(.log_backends*))
 .log_backends  0x000000000001612c       0x10 _build/nrf52840_xxaa/nrf_log_default_backends.c.o
                [!provide]                        PROVIDE (__stop_log_backends, .)

.nrf_balloc     0x000000000001613c       0x14
                [!provide]                        PROVIDE (__start_nrf_balloc, .)
 *(.nrf_balloc)
 .nrf_balloc    0x000000000001613c       0x14 _build/nrf52840_xxaa/nrf_log_frontend.c.o
                0x000000000001613c                log_mempool
                [!provide]                        PROVIDE (__stop_nrf_balloc, .)

.ARM.extab
 *(.ARM.extab* .gnu.linkonce.armextab.*)
                0x0000000000016150                __exidx_start = .

.ARM.exidx      0x0000000000016150        0x8
 *(.ARM.exidx* .gnu.linkonce.armexidx.*)
 .ARM.exidx     0x0000000000016150        0x8 /home/zoon/Workspace/toolchains/gcc-arm-none-eabi-6-2017-q2-update/bin/../lib/gcc/arm-none-eabi/6.3.1/../../../../arm-none-eabi/lib/thumb/v7e-m/fpv4-sp/hard/crt0.o
 .ARM.exidx     0x0000000000016158        0x0 /home/zoon/Workspace/toolchains/gcc-arm-none-eabi-6-2017-q2-update/bin/../lib/gcc/arm-none-eabi/6.3.1/thumb/v7e-m/fpv4-sp/hard/libgcc.a(_udivmoddi4.o)
                                          0x8 (size before relaxing)
                0x0000000000016158                __exidx_end = .
                0x0000000000016158                __etext = .

.rel.dyn        0x0000000000016158        0x0
 .rel.iplt      0x0000000000016158        0x0 /home/zoon/Workspace/toolchains/gcc-arm-none-eabi-6-2017-q2-update/bin/../lib/gcc/arm-none-eabi/6.3.1/thumb/v7e-m/fpv4-sp/hard/crtbegin.o

.data           0x0000000020000000      0x21c load address 0x0000000000016158
                0x0000000020000000                __data_start__ = .
 *(vtable)
 *(.data*)
 .data.m_uart   0x0000000020000000       0x14 _build/nrf52840_xxaa/nrf_log_backend_uart.c.o
                0x0000000020000000                m_uart
 .data.log_backend_cb_uart_log_backend
                0x0000000020000014        0x8 _build/nrf52840_xxaa/nrf_log_default_backends.c.o
 .data.m_rtc_inst
                0x000000002000001c        0x8 _build/nrf52840_xxaa/app_timer2.c.o
 .data.clock_handler_item.10586
                0x0000000020000024        0x8 _build/nrf52840_xxaa/app_usbd.c.o
 .data.SystemCoreClock
                0x000000002000002c        0x4 _build/nrf52840_xxaa/system_nrf52840.c.o
                0x000000002000002c                SystemCoreClock
 .data.drives.12052
                0x0000000020000030        0xc _build/nrf52840_xxaa/main.c.o
 .data.m_app_msc_blkdevs
                0x000000002000003c        0x4 _build/nrf52840_xxaa/main.c.o
 .data._impure_ptr
                0x0000000020000040        0x4 /home/zoon/Workspace/toolchains/gcc-arm-none-eabi-6-2017-q2-update/bin/../lib/gcc/arm-none-eabi/6.3.1/../../../../arm-none-eabi/lib/thumb/v7e-m/fpv4-sp/hard/libc_nano.a(lib_a-impure.o)
                0x0000000020000040                _impure_ptr
 .data.impure_data
                0x0000000020000044       0x60 /home/zoon/Workspace/toolchains/gcc-arm-none-eabi-6-2017-q2-update/bin/../lib/gcc/arm-none-eabi/6.3.1/../../../../arm-none-eabi/lib/thumb/v7e-m/fpv4-sp/hard/libc_nano.a(lib_a-impure.o)
 .data.__global_locale
                0x00000000200000a4      0x16c /home/zoon/Workspace/toolchains/gcc-arm-none-eabi-6-2017-q2-update/bin/../lib/gcc/arm-none-eabi/6.3.1/../../../../arm-none-eabi/lib/thumb/v7e-m/fpv4-sp/hard/libc_nano.a(lib_a-locale.o)